2026-07-21 00:30:56.174 [info] Reading sessions from keychain...
2026-07-21 00:30:56.174 [info] Getting sessions for all scopes...
2026-07-21 00:30:56.174 [info] Got 0 sessions for ...
2026-07-21 00:30:56.174 [info] Getting sessions for all scopes...
2026-07-21 00:30:56.174 [info] Got 0 sessions for ...
2026-07-21 00:30:56.174 [info] Getting sessions for all scopes...
2026-07-21 00:30:56.174 [info] Got 0 sessions for ...
2026-07-21 00:30:56.174 [info] Getting sessions for all scopes...
2026-07-21 00:30:56.174 [info] Got 0 sessions for ...
2026-07-21 00:30:57.579 [info] Getting sessions for all scopes...
2026-07-21 00:30:57.579 [info] Got 0 sessions for ...
2026-07-21 00:31:00.724 [info] Getting sessions for read:user,repo,user:email,workflow...
2026-07-21 00:31:00.725 [info] Got 0 sessions for read:user,repo,user:email,workflow...
2026-07-21 00:31:06.836 [info] Getting sessions for read:user,repo,user:email,workflow...
2026-07-21 00:31:06.837 [info] Got 0 sessions for read:user,repo,user:email,workflow...
2026-07-21 00:31:20.558 [info] Getting sessions for read:user,repo,user:email,workflow...
2026-07-21 00:31:20.558 [info] Got 0 sessions for read:user,repo,user:email,workflow...
2026-07-21 00:31:22.934 [info] Logging in with 'any' account...
2026-07-21 00:31:22.934 [info] Logging in for the following scopes: read:user repo user:email workflow
2026-07-21 00:31:23.053 [info] Trying device code flow... (read:user repo user:email workflow)
2026-07-21 00:32:03.760 [info] Getting user info...
2026-07-21 00:32:04.016 [info] Got account info!
2026-07-21 00:32:04.016 [info] Storing 1 sessions...
2026-07-21 00:32:04.077 [info] Reading sessions from keychain...
2026-07-21 00:32:04.077 [info] Stored 1 sessions!
2026-07-21 00:32:04.077 [info] Login success!
2026-07-21 00:32:04.140 [info] Got stored sessions!
2026-07-21 00:32:04.141 [info] Got 1 verified sessions.
2026-07-21 00:32:04.251 [info] Getting sessions for all scopes...
2026-07-21 00:32:04.251 [info] Got 1 sessions for ...
2026-07-21 00:32:04.263 [info] Getting sessions for read:user,repo,user:email,workflow...
2026-07-21 00:32:04.264 [info] Got 1 sessions for read:user,repo,user:email,workflow...
2026-07-21 00:32:04.315 [info] Getting sessions for all scopes...
2026-07-21 00:32:04.315 [info] Got 1 sessions for ...
