2026-07-21 03:22:09.821 [info] [main] Log level: Info
2026-07-21 03:22:09.821 [info] [main] Validating found git in: "git"
2026-07-21 03:22:09.821 [info] [main] Using git "2.43.0" from "git"
2026-07-21 03:22:09.821 [info] [Model][doInitialScan] Initial repository scan started
2026-07-21 03:22:09.821 [info] > git rev-parse --show-toplevel [141ms]
2026-07-21 03:22:09.821 [info] > git rev-parse --git-dir --git-common-dir --show-superproject-working-tree [10ms]
2026-07-21 03:22:09.909 [info] [Model][openRepository] Opened repository (path): /home/daypirate2/https-github.com-GoogleCloudPlatform-cloud-code-vscode
2026-07-21 03:22:09.909 [info] [Model][openRepository] Opened repository (real path): /home/daypirate2/https-github.com-GoogleCloudPlatform-cloud-code-vscode
2026-07-21 03:22:09.909 [info] [Model][openRepository] Opened repository (kind): submodule
2026-07-21 03:22:09.930 [info] > git config --get commit.template [5ms]
2026-07-21 03:22:09.930 [info] > git rev-parse --show-toplevel [3ms]
2026-07-21 03:22:09.940 [info] > git for-each-ref --format=%(refname)%00%(upstream:short)%00%(objectname)%00%(upstream:track)%00%(upstream:remotename)%00%(upstream:remoteref) refs/heads/bigtree refs/remotes/bigtree [5ms]
2026-07-21 03:22:09.942 [info] > git rev-parse --show-toplevel [3ms]
2026-07-21 03:22:09.945 [warning] [Git][revParse] Unable to read file: ENOENT: no such file or directory, open '/home/daypirate2/https-github.com-GoogleCloudPlatform-cloud-code-vscode/.git/refs/remotes/origin/bigtree'
2026-07-21 03:22:09.950 [info] > git rev-parse refs/remotes/origin/bigtree [5ms]
2026-07-21 03:22:09.968 [info] > git status -z -uall [12ms]
2026-07-21 03:22:09.968 [info] > git rev-parse --show-toplevel [19ms]
2026-07-21 03:22:09.970 [info] > git for-each-ref --sort -committerdate --format %(refname)%00%(objectname)%00%(*objectname) [6ms]
2026-07-21 03:22:10.033 [info] > git for-each-ref --format=%(refname)%00%(upstream:short)%00%(objectname)%00%(upstream:track)%00%(upstream:remotename)%00%(upstream:remoteref) refs/heads/bigtree refs/remotes/bigtree [21ms]
2026-07-21 03:22:10.040 [info] > git config --get commit.template [14ms]
2026-07-21 03:22:10.040 [info] > git rev-parse --show-toplevel [19ms]
2026-07-21 03:22:10.041 [info] > git config --get --local branch.bigtree.vscode-merge-base [3ms]
2026-07-21 03:22:10.056 [info] > git rev-parse --show-toplevel [5ms]
2026-07-21 03:22:10.057 [info] [Model][doInitialScan] Initial repository scan completed - repositories (1), closed repositories (0), parent repositories (0), unsafe repositories (0)
2026-07-21 03:22:10.057 [info] > git for-each-ref --format=%(refname)%00%(upstream:short)%00%(objectname)%00%(upstream:track)%00%(upstream:remotename)%00%(upstream:remoteref) refs/heads/origin/bigtree refs/remotes/origin/bigtree [12ms]
2026-07-21 03:22:10.064 [info] > git for-each-ref --format=%(refname)%00%(upstream:short)%00%(objectname)%00%(upstream:track)%00%(upstream:remotename)%00%(upstream:remoteref) refs/heads/bigtree refs/remotes/bigtree [9ms]
2026-07-21 03:22:10.064 [info] > git merge-base refs/heads/bigtree refs/remotes/origin/bigtree [3ms]
2026-07-21 03:22:10.072 [warning] [Git][revParse] Unable to read file: ENOENT: no such file or directory, open '/home/daypirate2/https-github.com-GoogleCloudPlatform-cloud-code-vscode/.git/refs/remotes/origin/bigtree'
2026-07-21 03:22:10.072 [info] > git diff --raw --numstat --diff-filter=ADMR -z --find-renames=50% a44b00ca1657f3797b4b7d2c14a25a02f41db203...refs/remotes/origin/bigtree -- [4ms]
2026-07-21 03:22:10.074 [info] > git rev-parse refs/remotes/origin/bigtree [2ms]
2026-07-21 03:22:10.093 [info] > git status -z -uall [15ms]
2026-07-21 03:22:10.094 [info] > git for-each-ref --sort -committerdate --format %(refname)%00%(objectname)%00%(*objectname) [10ms]
2026-07-21 03:22:10.162 [info] > git fetch [254ms]
2026-07-21 03:22:10.172 [info] > git config --get commit.template [6ms]
2026-07-21 03:22:10.175 [info] > git for-each-ref --format=%(refname)%00%(upstream:short)%00%(objectname)%00%(upstream:track)%00%(upstream:remotename)%00%(upstream:remoteref) refs/heads/bigtree refs/remotes/bigtree [4ms]
2026-07-21 03:22:10.178 [warning] [Git][revParse] Unable to read file: ENOENT: no such file or directory, open '/home/daypirate2/https-github.com-GoogleCloudPlatform-cloud-code-vscode/.git/refs/remotes/origin/bigtree'
2026-07-21 03:22:10.182 [info] > git rev-parse refs/remotes/origin/bigtree [4ms]
2026-07-21 03:22:10.195 [info] > git for-each-ref --sort -committerdate --format %(refname)%00%(objectname)%00%(*objectname) [4ms]
2026-07-21 03:22:10.208 [info] > git status -z -uall [21ms]
2026-07-21 03:22:10.539 [info] > git check-ignore -v -z --stdin [3ms]
2026-07-21 03:22:11.947 [info] > git check-ignore -v -z --stdin [78ms]
2026-07-21 03:22:11.948 [info] > git config --get commit.template [71ms]
2026-07-21 03:22:11.966 [info] > git for-each-ref --format=%(refname)%00%(upstream:short)%00%(objectname)%00%(upstream:track)%00%(upstream:remotename)%00%(upstream:remoteref) refs/heads/bigtree refs/remotes/bigtree [12ms]
2026-07-21 03:22:11.971 [warning] [Git][revParse] Unable to read file: ENOENT: no such file or directory, open '/home/daypirate2/https-github.com-GoogleCloudPlatform-cloud-code-vscode/.git/refs/remotes/origin/bigtree'
2026-07-21 03:22:11.972 [info] > git rev-parse refs/remotes/origin/bigtree [2ms]
2026-07-21 03:22:11.986 [info] > git for-each-ref --sort -committerdate --format %(refname)%00%(objectname)%00%(*objectname) [2ms]
2026-07-21 03:22:11.986 [info] > git status -z -uall [9ms]
