2026-07-20 21:56:27.864 [info] [main] Log level: Info
2026-07-20 21:56:27.864 [info] [main] Validating found git in: "git"
2026-07-20 21:56:27.864 [info] [main] Using git "2.43.0" from "git"
2026-07-20 21:56:27.864 [info] [Model][doInitialScan] Initial repository scan started
2026-07-20 21:56:27.864 [info] > git rev-parse --show-toplevel [106ms]
2026-07-20 21:56:27.864 [info] > git rev-parse --git-dir --git-common-dir --show-superproject-working-tree [20ms]
2026-07-20 21:56:28.801 [info] [Model][openRepository] Opened repository (path): /home/daypirate2
2026-07-20 21:56:28.801 [info] [Model][openRepository] Opened repository (real path): /home/daypirate2
2026-07-20 21:56:28.801 [info] [Model][openRepository] Opened repository (kind): repository
2026-07-20 21:56:28.867 [info] > git rev-parse --show-toplevel [19ms]
2026-07-20 21:56:28.869 [info] > git config --get commit.template [29ms]
2026-07-20 21:56:31.857 [info] > git rev-parse --show-toplevel [2961ms]
2026-07-20 21:56:32.188 [info] > git for-each-ref --format=%(refname)%00%(upstream:short)%00%(objectname)%00%(upstream:track)%00%(upstream:remotename)%00%(upstream:remoteref) refs/heads/main refs/remotes/main [371ms]
2026-07-20 21:56:32.562 [info] > git status -z -uall [351ms]
2026-07-20 21:56:32.565 [info] > git check-ignore -v -z --stdin [133ms]
2026-07-20 21:56:32.567 [info] > git for-each-ref --sort -committerdate --format %(refname)%00%(objectname)%00%(*objectname) [331ms]
2026-07-20 21:56:32.656 [info] > git rev-parse --show-toplevel [629ms]
2026-07-20 21:56:32.745 [info] > git check-ignore -v -z --stdin [240ms]
2026-07-20 21:56:32.752 [info] > git for-each-ref --format=%(refname)%00%(upstream:short)%00%(objectname)%00%(upstream:track)%00%(upstream:remotename)%00%(upstream:remoteref) refs/heads/main refs/remotes/main [112ms]
2026-07-20 21:56:33.063 [info] > git config --get --local branch.main.vscode-merge-base [290ms]
2026-07-20 21:56:33.063 [warning] [Git][config] git config failed: Failed to execute git
2026-07-20 21:56:33.080 [info] > git rev-parse --show-toplevel [348ms]
2026-07-20 21:56:33.084 [info] > git config --get commit.template [375ms]
2026-07-20 21:56:33.187 [info] > git reflog main --grep-reflog=branch: Created from *. [107ms]
2026-07-20 21:56:33.312 [info] > git symbolic-ref --short refs/remotes/origin/HEAD [107ms]
2026-07-20 21:56:33.312 [info] fatal: ref refs/remotes/origin/HEAD is not a symbolic ref
2026-07-20 21:56:33.312 [warning] [Repository][getDefaultBranch] Failed to get default branch details: Failed to execute git.
2026-07-20 21:56:33.319 [info] > git rev-parse --show-toplevel [135ms]
2026-07-20 21:56:33.353 [info] > git for-each-ref --format=%(refname)%00%(upstream:short)%00%(objectname)%00%(upstream:track)%00%(upstream:remotename)%00%(upstream:remoteref) refs/heads/main refs/remotes/main [61ms]
2026-07-20 21:56:33.407 [info] > git rev-parse --show-toplevel [59ms]
2026-07-20 21:56:33.440 [info] > git for-each-ref --sort -committerdate --format %(refname)%00%(objectname)%00%(*objectname) [46ms]
2026-07-20 21:56:33.476 [info] > git status -z -uall [108ms]
2026-07-20 21:56:33.519 [info] > git rev-parse --show-toplevel [51ms]
2026-07-20 21:56:33.869 [info] > git rev-parse --show-toplevel [312ms]
2026-07-20 21:56:33.877 [info] [Model][doInitialScan] Initial repository scan completed - repositories (1), closed repositories (0), parent repositories (0), unsafe repositories (0)
2026-07-20 21:56:33.959 [info] > git show --textconv :e62d0871f764c5d2832a96a6bd780fcb7d8131aa [61ms]
2026-07-20 21:56:33.961 [info] > git ls-files --stage -- e62d0871f764c5d2832a96a6bd780fcb7d8131aa [50ms]
2026-07-20 21:56:34.001 [info] > git cat-file -s 39edc0acf5d19a14204ad6d23e8eadd55ca313ba [20ms]
2026-07-20 21:56:34.235 [info] > git check-ignore -v -z --stdin [23ms]
2026-07-20 21:56:34.239 [info] > git blame --root --incremental e62d0871f764c5d2832a96a6bd780fcb7d8131aa -- e62d0871f764c5d2832a96a6bd780fcb7d8131aa [7ms]
2026-07-20 21:56:34.240 [info] fatal: no such path e62d0871f764c5d2832a96a6bd780fcb7d8131aa in e62d0871f764c5d2832a96a6bd780fcb7d8131aa
2026-07-20 21:56:34.353 [info] > git show --textconv HEAD:e62d0871f764c5d2832a96a6bd780fcb7d8131aa [26ms]
2026-07-20 21:56:34.379 [info] > git ls-tree -l HEAD -- e62d0871f764c5d2832a96a6bd780fcb7d8131aa [28ms]
2026-07-20 21:56:34.412 [info] > git hash-object -t tree /dev/null [34ms]
2026-07-20 21:56:34.412 [warning] [GitFileSystemProvider][readFile] File not found - git:/home/daypirate2/e62d0871f764c5d2832a96a6bd780fcb7d8131aa.git?%7B%22path%22%3A%22%2Fhome%2Fdaypirate2%2Fe62d0871f764c5d2832a96a6bd780fcb7d8131aa%22%2C%22ref%22%3A%22HEAD%22%7D
2026-07-20 21:56:34.439 [info] > git hash-object -t tree /dev/null [34ms]
2026-07-20 21:56:34.440 [warning] [GitFileSystemProvider][stat] File not found - git:/home/daypirate2/e62d0871f764c5d2832a96a6bd780fcb7d8131aa.git?%7B%22path%22%3A%22%2Fhome%2Fdaypirate2%2Fe62d0871f764c5d2832a96a6bd780fcb7d8131aa%22%2C%22ref%22%3A%22HEAD%22%7D
2026-07-20 21:56:34.610 [info] > git check-ignore -v -z --stdin [5ms]
2026-07-20 21:56:36.407 [info] > git config --get commit.template [77ms]
2026-07-20 21:56:36.467 [info] > git for-each-ref --format=%(refname)%00%(upstream:short)%00%(objectname)%00%(upstream:track)%00%(upstream:remotename)%00%(upstream:remoteref) refs/heads/main refs/remotes/main [13ms]
2026-07-20 21:56:36.540 [info] > git for-each-ref --sort -committerdate --format %(refname)%00%(objectname)%00%(*objectname) [17ms]
2026-07-20 21:56:36.568 [info] > git status -z -uall [69ms]
2026-07-20 21:56:37.255 [info] > git check-ignore -v -z --stdin [3ms]
2026-07-20 21:56:41.676 [info] > git config --get commit.template [28ms]
2026-07-20 21:56:41.678 [info] > git for-each-ref --format=%(refname)%00%(upstream:short)%00%(objectname)%00%(upstream:track)%00%(upstream:remotename)%00%(upstream:remoteref) refs/heads/main refs/remotes/main [5ms]
2026-07-20 21:56:41.720 [info] > git for-each-ref --sort -committerdate --format %(refname)%00%(objectname)%00%(*objectname) [6ms]
2026-07-20 21:56:41.723 [info] > git status -z -uall [27ms]
2026-07-20 21:56:42.333 [info] > git check-ignore -v -z --stdin [4ms]
2026-07-20 21:56:46.847 [info] > git config --get commit.template [77ms]
2026-07-20 21:56:46.871 [info] > git for-each-ref --format=%(refname)%00%(upstream:short)%00%(objectname)%00%(upstream:track)%00%(upstream:remotename)%00%(upstream:remoteref) refs/heads/main refs/remotes/main [6ms]
2026-07-20 21:56:46.912 [info] > git status -z -uall [27ms]
2026-07-20 21:56:46.912 [info] > git for-each-ref --sort -committerdate --format %(refname)%00%(objectname)%00%(*objectname) [6ms]
2026-07-20 21:56:47.372 [info] > git for-each-ref --sort -committerdate --format %(refname)%00%(objectname)%00%(*objectname) refs/heads/main [31ms]
2026-07-20 21:56:47.474 [info] > git check-ignore -v -z --stdin [2ms]
2026-07-20 21:56:47.682 [info] > git log --format=%H%n%aN%n%aE%n%at%n%ct%n%P%n%D%n%B -z --shortstat --diff-merges=first-parent -n50 --skip=0 --topo-order --decorate=full --stdin [230ms]
2026-07-20 21:56:47.894 [info] > git check-ignore -v -z --stdin [10ms]
2026-07-20 21:56:52.590 [info] > git -c user.useConfigOnly=true commit --quiet --allow-empty-message --file - [2ms]
2026-07-20 21:56:52.591 [info] fatal: Unable to create '/home/daypirate2/.git/index.lock': File exists.

Another git process seems to be running in this repository, e.g.
an editor opened by 'git commit'. Please make sure all processes
are terminated then try again. If it still fails, a git process
may have crashed in this repository earlier:
remove the file manually to continue.
2026-07-20 21:56:52.604 [info] > git config --get-all user.name [2ms]
2026-07-20 21:56:52.618 [info] > git config --get-all user.email [2ms]
2026-07-20 21:56:52.684 [info] > git -c user.useConfigOnly=true commit --quiet --allow-empty-message --file - [4ms]
2026-07-20 21:56:52.684 [info] fatal: Unable to create '/home/daypirate2/.git/index.lock': File exists.

Another git process seems to be running in this repository, e.g.
an editor opened by 'git commit'. Please make sure all processes
are terminated then try again. If it still fails, a git process
may have crashed in this repository earlier:
remove the file manually to continue.
2026-07-20 21:56:52.697 [info] > git config --get-all user.name [1ms]
2026-07-20 21:56:52.710 [info] > git config --get-all user.email [1ms]
2026-07-20 21:56:52.925 [info] > git -c user.useConfigOnly=true commit --quiet --allow-empty-message --file - [2ms]
2026-07-20 21:56:52.925 [info] fatal: Unable to create '/home/daypirate2/.git/index.lock': File exists.

Another git process seems to be running in this repository, e.g.
an editor opened by 'git commit'. Please make sure all processes
are terminated then try again. If it still fails, a git process
may have crashed in this repository earlier:
remove the file manually to continue.
2026-07-20 21:56:52.938 [info] > git config --get-all user.name [1ms]
2026-07-20 21:56:52.951 [info] > git config --get-all user.email [1ms]
2026-07-20 21:56:53.416 [info] > git -c user.useConfigOnly=true commit --quiet --allow-empty-message --file - [2ms]
2026-07-20 21:56:53.416 [info] fatal: Unable to create '/home/daypirate2/.git/index.lock': File exists.

Another git process seems to be running in this repository, e.g.
an editor opened by 'git commit'. Please make sure all processes
are terminated then try again. If it still fails, a git process
may have crashed in this repository earlier:
remove the file manually to continue.
2026-07-20 21:56:53.429 [info] > git config --get-all user.name [1ms]
2026-07-20 21:56:53.442 [info] > git config --get-all user.email [1ms]
2026-07-20 21:56:54.259 [info] > git -c user.useConfigOnly=true commit --quiet --allow-empty-message --file - [2ms]
2026-07-20 21:56:54.259 [info] fatal: Unable to create '/home/daypirate2/.git/index.lock': File exists.

Another git process seems to be running in this repository, e.g.
an editor opened by 'git commit'. Please make sure all processes
are terminated then try again. If it still fails, a git process
may have crashed in this repository earlier:
remove the file manually to continue.
2026-07-20 21:56:54.274 [info] > git config --get-all user.name [2ms]
2026-07-20 21:56:54.288 [info] > git config --get-all user.email [2ms]
2026-07-20 21:56:55.554 [info] > git -c user.useConfigOnly=true commit --quiet --allow-empty-message --file - [2ms]
2026-07-20 21:56:55.554 [info] fatal: Unable to create '/home/daypirate2/.git/index.lock': File exists.

Another git process seems to be running in this repository, e.g.
an editor opened by 'git commit'. Please make sure all processes
are terminated then try again. If it still fails, a git process
may have crashed in this repository earlier:
remove the file manually to continue.
2026-07-20 21:56:55.569 [info] > git config --get-all user.name [2ms]
2026-07-20 21:56:55.581 [info] > git config --get-all user.email [2ms]
2026-07-20 21:56:57.395 [info] > git -c user.useConfigOnly=true commit --quiet --allow-empty-message --file - [2ms]
2026-07-20 21:56:57.395 [info] fatal: Unable to create '/home/daypirate2/.git/index.lock': File exists.

Another git process seems to be running in this repository, e.g.
an editor opened by 'git commit'. Please make sure all processes
are terminated then try again. If it still fails, a git process
may have crashed in this repository earlier:
remove the file manually to continue.
2026-07-20 21:56:57.408 [info] > git config --get-all user.name [2ms]
2026-07-20 21:56:57.421 [info] > git config --get-all user.email [2ms]
2026-07-20 21:56:59.888 [info] > git -c user.useConfigOnly=true commit --quiet --allow-empty-message --file - [2ms]
2026-07-20 21:56:59.888 [info] fatal: Unable to create '/home/daypirate2/.git/index.lock': File exists.

Another git process seems to be running in this repository, e.g.
an editor opened by 'git commit'. Please make sure all processes
are terminated then try again. If it still fails, a git process
may have crashed in this repository earlier:
remove the file manually to continue.
2026-07-20 21:56:59.901 [info] > git config --get-all user.name [1ms]
2026-07-20 21:56:59.925 [info] > git config --get-all user.email [2ms]
2026-07-20 21:57:03.140 [info] > git -c user.useConfigOnly=true commit --quiet --allow-empty-message --file - [3ms]
2026-07-20 21:57:03.140 [info] fatal: Unable to create '/home/daypirate2/.git/index.lock': File exists.

Another git process seems to be running in this repository, e.g.
an editor opened by 'git commit'. Please make sure all processes
are terminated then try again. If it still fails, a git process
may have crashed in this repository earlier:
remove the file manually to continue.
2026-07-20 21:57:03.153 [info] > git config --get-all user.name [2ms]
2026-07-20 21:57:03.166 [info] > git config --get-all user.email [2ms]
2026-07-20 21:57:07.231 [info] > git -c user.useConfigOnly=true commit --quiet --allow-empty-message --file - [3ms]
2026-07-20 21:57:07.231 [info] fatal: Unable to create '/home/daypirate2/.git/index.lock': File exists.

Another git process seems to be running in this repository, e.g.
an editor opened by 'git commit'. Please make sure all processes
are terminated then try again. If it still fails, a git process
may have crashed in this repository earlier:
remove the file manually to continue.
2026-07-20 21:57:07.244 [info] > git config --get-all user.name [2ms]
2026-07-20 21:57:07.258 [info] > git config --get-all user.email [2ms]
2026-07-20 21:57:12.273 [info] > git -c user.useConfigOnly=true commit --quiet --allow-empty-message --file - [2ms]
2026-07-20 21:57:12.274 [info] fatal: Unable to create '/home/daypirate2/.git/index.lock': File exists.

Another git process seems to be running in this repository, e.g.
an editor opened by 'git commit'. Please make sure all processes
are terminated then try again. If it still fails, a git process
may have crashed in this repository earlier:
remove the file manually to continue.
2026-07-20 21:57:12.288 [info] > git config --get-all user.name [2ms]
2026-07-20 21:57:12.306 [info] > git config --get-all user.email [2ms]
2026-07-20 21:57:12.337 [info] > git config --get commit.template [15ms]
2026-07-20 21:57:12.338 [info] > git for-each-ref --format=%(refname)%00%(upstream:short)%00%(objectname)%00%(upstream:track)%00%(upstream:remotename)%00%(upstream:remoteref) refs/heads/main refs/remotes/main [2ms]
2026-07-20 21:57:12.367 [info] > git for-each-ref --sort -committerdate --format %(refname)%00%(objectname)%00%(*objectname) [1ms]
2026-07-20 21:57:12.373 [info] > git status -z -uall [23ms]
2026-07-20 21:57:12.411 [info] > git config --get commit.template [10ms]
2026-07-20 21:57:12.425 [info] > git for-each-ref --format=%(refname)%00%(upstream:short)%00%(objectname)%00%(upstream:track)%00%(upstream:remotename)%00%(upstream:remoteref) refs/heads/main refs/remotes/main [2ms]
2026-07-20 21:57:12.460 [info] > git for-each-ref --sort -committerdate --format %(refname)%00%(objectname)%00%(*objectname) [3ms]
2026-07-20 21:57:12.460 [info] > git status -z -uall [20ms]
2026-07-20 21:57:13.294 [info] > git check-ignore -v -z --stdin [3ms]
2026-07-20 21:57:30.322 [info] > git check-ignore -v -z --stdin [2ms]
2026-07-20 21:57:31.841 [info] > git check-ignore -v -z --stdin [3ms]
2026-07-20 21:57:32.837 [info] > git check-ignore -v -z --stdin [2ms]
2026-07-20 21:57:37.869 [info] > git check-ignore -v -z --stdin [3ms]
2026-07-20 21:57:38.696 [info] > git check-ignore -v -z --stdin [4ms]
2026-07-20 21:58:27.697 [info] > git push -u origin main [27630ms]
2026-07-20 21:58:27.697 [info] remote: Not authorized, missing or invalid basic access authentication header. Please visit https://cloud.google.com/secure-source-manager/docs/troubleshoot#git-https-requests-fail for help troubleshooting authentication failures.
fatal: Authentication failed for 'https://main-instance-159147526315-git.us-central1.sourcemanager.dev/source-root-7076/source-root.git/'
2026-07-20 21:58:27.717 [info] > git config --get commit.template [9ms]
2026-07-20 21:58:27.718 [info] > git for-each-ref --format=%(refname)%00%(upstream:short)%00%(objectname)%00%(upstream:track)%00%(upstream:remotename)%00%(upstream:remoteref) refs/heads/main refs/remotes/main [2ms]
2026-07-20 21:58:27.739 [info] > git for-each-ref --sort -committerdate --format %(refname)%00%(objectname)%00%(*objectname) [2ms]
2026-07-20 21:58:27.744 [info] > git status -z -uall [17ms]
2026-07-20 21:58:27.775 [info] > git config --get commit.template [13ms]
2026-07-20 21:58:27.776 [info] > git for-each-ref --format=%(refname)%00%(upstream:short)%00%(objectname)%00%(upstream:track)%00%(upstream:remotename)%00%(upstream:remoteref) refs/heads/main refs/remotes/main [5ms]
2026-07-20 21:58:27.795 [info] > git for-each-ref --sort -committerdate --format %(refname)%00%(objectname)%00%(*objectname) [2ms]
2026-07-20 21:58:27.802 [info] > git status -z -uall [18ms]
2026-07-20 21:58:28.353 [info] > git check-ignore -v -z --stdin [1ms]
2026-07-20 21:58:47.034 [info] > git push -u origin main [12874ms]
2026-07-20 21:58:47.034 [info] remote: received invalid token, please visit https://cloud.google.com/secure-source-manager/docs/troubleshoot for help troubleshooting authentication failures.
fatal: Authentication failed for 'https://main-instance-159147526315-git.us-central1.sourcemanager.dev/source-root-7076/source-root.git/'
2026-07-20 21:58:47.054 [info] > git config --get commit.template [11ms]
2026-07-20 21:58:47.055 [info] > git for-each-ref --format=%(refname)%00%(upstream:short)%00%(objectname)%00%(upstream:track)%00%(upstream:remotename)%00%(upstream:remoteref) refs/heads/main refs/remotes/main [3ms]
2026-07-20 21:58:47.073 [info] > git for-each-ref --sort -committerdate --format %(refname)%00%(objectname)%00%(*objectname) [2ms]
2026-07-20 21:58:47.080 [info] > git status -z -uall [17ms]
2026-07-20 21:58:47.111 [info] > git config --get commit.template [11ms]
2026-07-20 21:58:47.112 [info] > git for-each-ref --format=%(refname)%00%(upstream:short)%00%(objectname)%00%(upstream:track)%00%(upstream:remotename)%00%(upstream:remoteref) refs/heads/main refs/remotes/main [2ms]
2026-07-20 21:58:47.132 [info] > git for-each-ref --sort -committerdate --format %(refname)%00%(objectname)%00%(*objectname) [2ms]
2026-07-20 21:58:47.139 [info] > git status -z -uall [18ms]
2026-07-20 21:58:47.711 [info] > git check-ignore -v -z --stdin [3ms]
2026-07-20 21:59:08.371 [info] > git push -u origin main [16476ms]
2026-07-20 21:59:08.371 [info] remote: received invalid token, please visit https://cloud.google.com/secure-source-manager/docs/troubleshoot for help troubleshooting authentication failures.
fatal: Authentication failed for 'https://main-instance-159147526315-git.us-central1.sourcemanager.dev/source-root-7076/source-root.git/'
2026-07-20 21:59:08.390 [info] > git config --get commit.template [9ms]
2026-07-20 21:59:08.391 [info] > git for-each-ref --format=%(refname)%00%(upstream:short)%00%(objectname)%00%(upstream:track)%00%(upstream:remotename)%00%(upstream:remoteref) refs/heads/main refs/remotes/main [3ms]
2026-07-20 21:59:08.409 [info] > git for-each-ref --sort -committerdate --format %(refname)%00%(objectname)%00%(*objectname) [2ms]
2026-07-20 21:59:08.416 [info] > git status -z -uall [17ms]
2026-07-20 21:59:08.444 [info] > git config --get commit.template [10ms]
2026-07-20 21:59:08.445 [info] > git for-each-ref --format=%(refname)%00%(upstream:short)%00%(objectname)%00%(upstream:track)%00%(upstream:remotename)%00%(upstream:remoteref) refs/heads/main refs/remotes/main [2ms]
2026-07-20 21:59:08.468 [info] > git for-each-ref --sort -committerdate --format %(refname)%00%(objectname)%00%(*objectname) [3ms]
2026-07-20 21:59:08.478 [info] > git status -z -uall [23ms]
2026-07-20 21:59:09.020 [info] > git check-ignore -v -z --stdin [4ms]
2026-07-20 22:00:47.646 [info] > git -c user.useConfigOnly=true commit --quiet --allow-empty-message --file - [4ms]
2026-07-20 22:00:47.646 [info] fatal: Unable to create '/home/daypirate2/.git/index.lock': File exists.

Another git process seems to be running in this repository, e.g.
an editor opened by 'git commit'. Please make sure all processes
are terminated then try again. If it still fails, a git process
may have crashed in this repository earlier:
remove the file manually to continue.
2026-07-20 22:00:47.657 [info] > git config --get-all user.name [2ms]
2026-07-20 22:00:47.667 [info] > git config --get-all user.email [2ms]
2026-07-20 22:00:47.728 [info] > git -c user.useConfigOnly=true commit --quiet --allow-empty-message --file - [2ms]
2026-07-20 22:00:47.728 [info] fatal: Unable to create '/home/daypirate2/.git/index.lock': File exists.

Another git process seems to be running in this repository, e.g.
an editor opened by 'git commit'. Please make sure all processes
are terminated then try again. If it still fails, a git process
may have crashed in this repository earlier:
remove the file manually to continue.
2026-07-20 22:00:47.737 [info] > git config --get-all user.name [2ms]
2026-07-20 22:00:47.746 [info] > git config --get-all user.email [2ms]
2026-07-20 22:00:47.956 [info] > git -c user.useConfigOnly=true commit --quiet --allow-empty-message --file - [2ms]
2026-07-20 22:00:47.956 [info] fatal: Unable to create '/home/daypirate2/.git/index.lock': File exists.

Another git process seems to be running in this repository, e.g.
an editor opened by 'git commit'. Please make sure all processes
are terminated then try again. If it still fails, a git process
may have crashed in this repository earlier:
remove the file manually to continue.
2026-07-20 22:00:47.966 [info] > git config --get-all user.name [2ms]
2026-07-20 22:00:47.975 [info] > git config --get-all user.email [1ms]
2026-07-20 22:00:48.435 [info] > git -c user.useConfigOnly=true commit --quiet --allow-empty-message --file - [2ms]
2026-07-20 22:00:48.436 [info] fatal: Unable to create '/home/daypirate2/.git/index.lock': File exists.

Another git process seems to be running in this repository, e.g.
an editor opened by 'git commit'. Please make sure all processes
are terminated then try again. If it still fails, a git process
may have crashed in this repository earlier:
remove the file manually to continue.
2026-07-20 22:00:48.445 [info] > git config --get-all user.name [2ms]
2026-07-20 22:00:48.455 [info] > git config --get-all user.email [2ms]
2026-07-20 22:00:49.267 [info] > git -c user.useConfigOnly=true commit --quiet --allow-empty-message --file - [2ms]
2026-07-20 22:00:49.267 [info] fatal: Unable to create '/home/daypirate2/.git/index.lock': File exists.

Another git process seems to be running in this repository, e.g.
an editor opened by 'git commit'. Please make sure all processes
are terminated then try again. If it still fails, a git process
may have crashed in this repository earlier:
remove the file manually to continue.
2026-07-20 22:00:49.276 [info] > git config --get-all user.name [2ms]
2026-07-20 22:00:49.286 [info] > git config --get-all user.email [1ms]
2026-07-20 22:00:50.547 [info] > git -c user.useConfigOnly=true commit --quiet --allow-empty-message --file - [2ms]
2026-07-20 22:00:50.548 [info] fatal: Unable to create '/home/daypirate2/.git/index.lock': File exists.

Another git process seems to be running in this repository, e.g.
an editor opened by 'git commit'. Please make sure all processes
are terminated then try again. If it still fails, a git process
may have crashed in this repository earlier:
remove the file manually to continue.
2026-07-20 22:00:50.558 [info] > git config --get-all user.name [3ms]
2026-07-20 22:00:50.567 [info] > git config --get-all user.email [1ms]
2026-07-20 22:00:52.379 [info] > git -c user.useConfigOnly=true commit --quiet --allow-empty-message --file - [2ms]
2026-07-20 22:00:52.379 [info] fatal: Unable to create '/home/daypirate2/.git/index.lock': File exists.

Another git process seems to be running in this repository, e.g.
an editor opened by 'git commit'. Please make sure all processes
are terminated then try again. If it still fails, a git process
may have crashed in this repository earlier:
remove the file manually to continue.
2026-07-20 22:00:52.388 [info] > git config --get-all user.name [1ms]
2026-07-20 22:00:52.398 [info] > git config --get-all user.email [2ms]
2026-07-20 22:00:54.859 [info] > git -c user.useConfigOnly=true commit --quiet --allow-empty-message --file - [2ms]
2026-07-20 22:00:54.859 [info] fatal: Unable to create '/home/daypirate2/.git/index.lock': File exists.

Another git process seems to be running in this repository, e.g.
an editor opened by 'git commit'. Please make sure all processes
are terminated then try again. If it still fails, a git process
may have crashed in this repository earlier:
remove the file manually to continue.
2026-07-20 22:00:54.869 [info] > git config --get-all user.name [2ms]
2026-07-20 22:00:54.878 [info] > git config --get-all user.email [2ms]
2026-07-20 22:00:58.089 [info] > git -c user.useConfigOnly=true commit --quiet --allow-empty-message --file - [2ms]
2026-07-20 22:00:58.089 [info] fatal: Unable to create '/home/daypirate2/.git/index.lock': File exists.

Another git process seems to be running in this repository, e.g.
an editor opened by 'git commit'. Please make sure all processes
are terminated then try again. If it still fails, a git process
may have crashed in this repository earlier:
remove the file manually to continue.
2026-07-20 22:00:58.099 [info] > git config --get-all user.name [2ms]
2026-07-20 22:00:58.110 [info] > git config --get-all user.email [2ms]
2026-07-20 22:01:02.171 [info] > git -c user.useConfigOnly=true commit --quiet --allow-empty-message --file - [2ms]
2026-07-20 22:01:02.171 [info] fatal: Unable to create '/home/daypirate2/.git/index.lock': File exists.

Another git process seems to be running in this repository, e.g.
an editor opened by 'git commit'. Please make sure all processes
are terminated then try again. If it still fails, a git process
may have crashed in this repository earlier:
remove the file manually to continue.
2026-07-20 22:01:02.181 [info] > git config --get-all user.name [1ms]
2026-07-20 22:01:02.191 [info] > git config --get-all user.email [2ms]
2026-07-20 22:01:07.202 [info] > git -c user.useConfigOnly=true commit --quiet --allow-empty-message --file - [2ms]
2026-07-20 22:01:07.202 [info] fatal: Unable to create '/home/daypirate2/.git/index.lock': File exists.

Another git process seems to be running in this repository, e.g.
an editor opened by 'git commit'. Please make sure all processes
are terminated then try again. If it still fails, a git process
may have crashed in this repository earlier:
remove the file manually to continue.
2026-07-20 22:01:07.212 [info] > git config --get-all user.name [2ms]
2026-07-20 22:01:07.221 [info] > git config --get-all user.email [2ms]
2026-07-20 22:01:07.232 [info] > git config --get commit.template [2ms]
2026-07-20 22:01:07.242 [info] > git for-each-ref --format=%(refname)%00%(upstream:short)%00%(objectname)%00%(upstream:track)%00%(upstream:remotename)%00%(upstream:remoteref) refs/heads/main refs/remotes/main [2ms]
2026-07-20 22:01:07.260 [info] > git for-each-ref --sort -committerdate --format %(refname)%00%(objectname)%00%(*objectname) [2ms]
2026-07-20 22:01:07.267 [info] > git status -z -uall [17ms]
2026-07-20 22:01:07.289 [info] > git config --get commit.template [3ms]
2026-07-20 22:01:07.299 [info] > git for-each-ref --format=%(refname)%00%(upstream:short)%00%(objectname)%00%(upstream:track)%00%(upstream:remotename)%00%(upstream:remoteref) refs/heads/main refs/remotes/main [2ms]
2026-07-20 22:01:07.319 [info] > git for-each-ref --sort -committerdate --format %(refname)%00%(objectname)%00%(*objectname) [2ms]
2026-07-20 22:01:07.326 [info] > git status -z -uall [19ms]
2026-07-20 22:01:07.974 [info] > git check-ignore -v -z --stdin [2ms]
2026-07-20 22:01:30.002 [info] > git check-ignore -v -z --stdin [2ms]
2026-07-20 22:01:31.121 [info] > git check-ignore -v -z --stdin [2ms]
2026-07-20 22:01:31.628 [info] > git config --get commit.template [2ms]
2026-07-20 22:01:31.638 [info] > git for-each-ref --format=%(refname)%00%(upstream:short)%00%(objectname)%00%(upstream:track)%00%(upstream:remotename)%00%(upstream:remoteref) refs/heads/main refs/remotes/main [2ms]
2026-07-20 22:01:31.656 [info] > git for-each-ref --sort -committerdate --format %(refname)%00%(objectname)%00%(*objectname) [2ms]
2026-07-20 22:01:31.662 [info] > git status -z -uall [16ms]
2026-07-20 22:01:32.205 [info] > git check-ignore -v -z --stdin [2ms]
2026-07-20 22:01:34.541 [info] > git check-ignore -v -z --stdin [2ms]
