2026-07-21 00:34:13.282 [warning] Dir "/home/daypirate2/https-github.com-GoogleCloudPlatform-cloud-code-vscode/.pixi/envs" is not watchable (directory does not exist)
2026-07-21 00:34:13.282 [warning] Dir "/home/daypirate2/.pixi/envs" is not watchable (directory does not exist)
2026-07-21 00:34:13.708 [info] Not enabling terminal env var experiment in multiroot remote workspaces
2026-07-21 00:34:13.708 [info] Starting Environment refresh
2026-07-21 00:34:13.735 [info] Skipping ActivatedEnv Detection:  process.env.VSCODE_CLI !== '1'
2026-07-21 00:34:13.745 [info] > hatch env show --json
2026-07-21 00:34:13.745 [info] cwd: ~/https-github.com-GoogleCloudPlatform-cloud-code-vscode
2026-07-21 00:34:13.751 [info] > hatch env show --json
2026-07-21 00:34:13.751 [info] cwd: ~
2026-07-21 00:34:13.753 [info] Python interpreter path: /bin/python
2026-07-21 00:34:13.927 [info] Starting Environment refresh
2026-07-21 00:34:17.691 [info] > conda info --json
2026-07-21 00:34:18.694 [info] > /bin/python -I /google/devshell/editor/code-oss-for-cloud-shell/extensions/ms-python.python/python_files/get_output_via_markers.py /google/devshell/editor/code-oss-for-cloud-shell/extensions/ms-python.python/python_files/interpreterInfo.py
2026-07-21 00:34:22.882 [info] Environments refresh finished (event): 9175 milliseconds
2026-07-21 00:34:22.882 [info] Environments refresh paths discovered: 9175 milliseconds
2026-07-21 00:34:22.928 [info] Environment refresh took 9222 milliseconds
2026-07-21 00:34:23.707 [info] Environments refresh finished (event): 9781 milliseconds
2026-07-21 00:34:23.707 [info] Environments refresh paths discovered: 9781 milliseconds
2026-07-21 00:34:23.741 [info] Environment refresh took 9815 milliseconds
2026-07-21 00:34:23.773 [info] > pyenv which python
2026-07-21 00:34:23.773 [info] cwd: ~/https-github.com-GoogleCloudPlatform-cloud-code-vscode
2026-07-21 00:34:23.922 [info] Not enabling terminal env var experiment in multiroot remote workspaces
2026-07-21 00:34:25.357 [info] Starting Jedi language server for https-github.com-GoogleCloudPlatform-cloud-code-vscode.
2026-07-21 00:38:23.754 [info] Not enabling terminal env var experiment in multiroot remote workspaces
