Initializing document watcher...
Document watcher initialized
/home/daypirate2/.bash_history: {"tabSize":4,"indentSize":4,"insertSpaces":true,"cursorStyle":1,"lineNumbers":1}
/home/daypirate2/.bash_history: Using EditorConfig core...
.bash_history: Target charset is not set
/git-error-1784590896837: {"tabSize":4,"indentSize":4,"insertSpaces":true,"cursorStyle":1,"lineNumbers":1}
/git-error-1784590896837: Using EditorConfig core...
/git-error-1784590896837: Target charset is not set
/git-error-1784590896837: {"tabSize":4,"indentSize":4,"insertSpaces":true,"cursorStyle":1,"lineNumbers":1}
/git-error-1784590896837: {"tabSize":4,"indentSize":4,"insertSpaces":true,"cursorStyle":1,"lineNumbers":1}
vscode.git.Git.log: {}
vscode.git.Git.log: {"tabSize":4,"indentSize":4,"insertSpaces":true,"cursorStyle":1,"lineNumbers":0}
vscode.git.Git.log: Using EditorConfig core...
vscode.git.Git.log: Target charset is not set
/git-error-1784590896837: {"tabSize":4,"indentSize":4,"insertSpaces":true,"cursorStyle":1,"lineNumbers":1}
/git-error-1784590896837: Using EditorConfig core...
/git-error-1784590896837: Target charset is not set
/git-error-1784590896837: {"tabSize":4,"indentSize":4,"insertSpaces":true,"cursorStyle":1,"lineNumbers":1}
/git-error-1784590896837: {"tabSize":4,"indentSize":4,"insertSpaces":true,"cursorStyle":1,"lineNumbers":1}
/git-error-1784590896837: {"tabSize":4,"indentSize":4,"insertSpaces":true,"cursorStyle":1,"lineNumbers":1}
/git-error-1784590896837: {"tabSize":4,"indentSize":4,"insertSpaces":true,"cursorStyle":1,"lineNumbers":1}
/git-error-1784590896837: {"tabSize":4,"indentSize":4,"insertSpaces":true,"cursorStyle":1,"lineNumbers":1}
/git-error-1784590896837: {"tabSize":4,"indentSize":4,"insertSpaces":true,"cursorStyle":1,"lineNumbers":1}
/git-error-1784590896837: {"tabSize":4,"indentSize":4,"insertSpaces":true,"cursorStyle":1,"lineNumbers":1}
/git-error-1784590896837: {"tabSize":4,"indentSize":4,"insertSpaces":true,"cursorStyle":1,"lineNumbers":1}
/git-error-1784590896837: {"tabSize":4,"indentSize":4,"insertSpaces":true,"cursorStyle":1,"lineNumbers":1}
/git-error-1784590896837: {"tabSize":4,"indentSize":4,"insertSpaces":true,"cursorStyle":1,"lineNumbers":1}
/git-error-1784590896837: {"tabSize":4,"indentSize":4,"insertSpaces":true,"cursorStyle":1,"lineNumbers":1}
/git-error-1784590896837: {"tabSize":4,"indentSize":4,"insertSpaces":true,"cursorStyle":1,"lineNumbers":1}
/git-error-1784590896837: {"tabSize":4,"indentSize":4,"insertSpaces":true,"cursorStyle":1,"lineNumbers":1}
/git-error-1784590896837: {"tabSize":4,"indentSize":4,"insertSpaces":true,"cursorStyle":1,"lineNumbers":1}
/git-error-1784590896837: {"tabSize":4,"indentSize":4,"insertSpaces":true,"cursorStyle":1,"lineNumbers":1}
/home/daypirate2/.bash_history: {"tabSize":2,"indentSize":2,"insertSpaces":true,"cursorStyle":1,"lineNumbers":1}
/home/daypirate2/.bash_history: Using EditorConfig core...
.bash_history: Target charset is not set
/home/daypirate2/.bash_history: {"tabSize":2,"indentSize":2,"insertSpaces":true,"cursorStyle":1,"lineNumbers":1}
/User/Workspaces/Untitled-1784591705103.code-workspace: Using EditorConfig core...
/User/Workspaces/Untitled-1784591705103.code-workspace: Using EditorConfig core...
/User/Workspaces/Untitled-1784591705103.code-workspace: Target charset is not set
/home/daypirate2/.bash_history: {"tabSize":2,"indentSize":2,"insertSpaces":true,"cursorStyle":1,"lineNumbers":1}
/home/daypirate2/.bash_history: {"tabSize":2,"indentSize":2,"insertSpaces":true,"cursorStyle":1,"lineNumbers":1}
/home/daypirate2/.bash_history: {"tabSize":2,"indentSize":2,"insertSpaces":true,"cursorStyle":1,"lineNumbers":1}
/home/daypirate2/.bash_history: {"tabSize":2,"indentSize":2,"insertSpaces":true,"cursorStyle":1,"lineNumbers":1}
