Initializing document watcher...
Document watcher initialized
/home/daypirate2/.bash_history: {"tabSize":2,"indentSize":2,"insertSpaces":true,"cursorStyle":1,"lineNumbers":1}
/home/daypirate2/.bash_history: Using EditorConfig core...
daypirate2/.bash_history: Target charset is not set
daypirate2/.git/COMMIT_EDITMSG: {"tabSize":4,"indentSize":4,"insertSpaces":true,"cursorStyle":1,"lineNumbers":1}
daypirate2/.git/COMMIT_EDITMSG: Using EditorConfig core...
daypirate2/.git/COMMIT_EDITMSG: Target charset is not set
daypirate2/.git/COMMIT_EDITMSG: {"tabSize":4,"indentSize":4,"insertSpaces":true,"cursorStyle":1,"lineNumbers":1}
daypirate2/.git/COMMIT_EDITMSG: Using EditorConfig core...
daypirate2/.git/COMMIT_EDITMSG: Using EditorConfig core...
daypirate2/.git/COMMIT_EDITMSG: Target charset is not set
daypirate2/.git/COMMIT_EDITMSG: Using EditorConfig core...
daypirate2/.git/COMMIT_EDITMSG: Using EditorConfig core...
daypirate2/.git/COMMIT_EDITMSG: Target charset is not set
No more open editors.
/home/daypirate2/.bash_history: Using EditorConfig core...
daypirate2/.bash_history: Target charset is not set
No more open editors.
No more open editors.
/home/daypirate2/.bash_history: {"tabSize":2,"indentSize":2,"insertSpaces":true,"cursorStyle":1,"lineNumbers":1}
/home/daypirate2/.bash_history: Using EditorConfig core...
daypirate2/.bash_history: Target charset is not set
/home/daypirate2/.bash_history: {"tabSize":2,"indentSize":2,"insertSpaces":true,"cursorStyle":1,"lineNumbers":1}
/home/daypirate2/.bash_history: Using EditorConfig core...
daypirate2/.bash_history: Target charset is not set
/home/daypirate2/.bash_history: {"tabSize":2,"indentSize":2,"insertSpaces":true,"cursorStyle":1,"lineNumbers":1}
/home/daypirate2/.bash_history: {"tabSize":2,"indentSize":2,"insertSpaces":true,"cursorStyle":1,"lineNumbers":1}
No more open editors.
No more open editors.
No more open editors.
No more open editors.
No more open editors.
No more open editors.
No more open editors.
No more open editors.
No more open editors.
No more open editors.
vscode.git.Git.log: {"tabSize":4,"indentSize":4,"insertSpaces":true,"cursorStyle":1,"lineNumbers":0}
vscode.git.Git.log: Using EditorConfig core...
vscode.git.Git.log: Target charset is not set
vscode.git.Git.log: {"tabSize":4,"indentSize":4,"insertSpaces":true,"cursorStyle":1,"lineNumbers":0}
No more open editors.
No more open editors.
No more open editors.
/git-error-1784598610758: {"tabSize":4,"indentSize":4,"insertSpaces":true,"cursorStyle":1,"lineNumbers":1}
/git-error-1784598610758: Using EditorConfig core...
/git-error-1784598610758: Target charset is not set
/git-error-1784598610758: {"tabSize":4,"indentSize":4,"insertSpaces":true,"cursorStyle":1,"lineNumbers":1}
/git-error-1784598610758: {"tabSize":4,"indentSize":4,"insertSpaces":true,"cursorStyle":1,"lineNumbers":1}
/git-error-1784598610758: {"tabSize":4,"indentSize":4,"insertSpaces":true,"cursorStyle":1,"lineNumbers":1}
/git-error-1784598610758: {"tabSize":4,"indentSize":4,"insertSpaces":true,"cursorStyle":1,"lineNumbers":1}
/git-error-1784598610758: {"tabSize":4,"indentSize":4,"insertSpaces":true,"cursorStyle":1,"lineNumbers":1}
/git-error-1784598610758: {"tabSize":4,"indentSize":4,"insertSpaces":true,"cursorStyle":1,"lineNumbers":1}
/git-error-1784598610758: {"tabSize":4,"indentSize":4,"insertSpaces":true,"cursorStyle":1,"lineNumbers":1}
/git-error-1784598610758: {"tabSize":4,"indentSize":4,"insertSpaces":true,"cursorStyle":1,"lineNumbers":1}
