2026-07-21 00:34:13.283 [info] [main] Log level: Info
2026-07-21 00:34:13.283 [info] [main] Validating found git in: "git"
2026-07-21 00:34:13.283 [info] [main] Using git "2.43.0" from "git"
2026-07-21 00:34:13.283 [info] [Model][doInitialScan] Initial repository scan started
2026-07-21 00:34:13.283 [info] > git rev-parse --show-toplevel [3ms]
2026-07-21 00:34:13.283 [info] > git rev-parse --git-dir --git-common-dir --show-superproject-working-tree [130ms]
2026-07-21 00:34:13.357 [info] [Model][openRepository] Opened repository (path): /home/daypirate2/https-github.com-GoogleCloudPlatform-cloud-code-vscode
2026-07-21 00:34:13.357 [info] [Model][openRepository] Opened repository (real path): /home/daypirate2/https-github.com-GoogleCloudPlatform-cloud-code-vscode
2026-07-21 00:34:13.357 [info] [Model][openRepository] Opened repository (kind): repository
2026-07-21 00:34:13.373 [info] > git config --get commit.template [8ms]
2026-07-21 00:34:13.373 [info] > git rev-parse --show-toplevel [4ms]
2026-07-21 00:34:13.386 [info] > git for-each-ref --format=%(refname)%00%(upstream:short)%00%(objectname)%00%(upstream:track)%00%(upstream:remotename)%00%(upstream:remoteref) refs/heads/bigtree refs/remotes/bigtree [8ms]
2026-07-21 00:34:13.391 [warning] [Git][revParse] Unable to read file: ENOENT: no such file or directory, open '/home/daypirate2/https-github.com-GoogleCloudPlatform-cloud-code-vscode/.git/refs/remotes/origin/bigtree'
2026-07-21 00:34:13.391 [info] > git rev-parse --git-dir --git-common-dir --show-superproject-working-tree [9ms]
2026-07-21 00:34:13.392 [info] > git rev-parse refs/remotes/origin/bigtree [2ms]
2026-07-21 00:34:13.407 [info] > git for-each-ref --sort -committerdate --format %(refname)%00%(objectname)%00%(*objectname) [3ms]
2026-07-21 00:34:13.487 [info] [Model][openRepository] Opened repository (path): /home/daypirate2
2026-07-21 00:34:13.487 [info] [Model][openRepository] Opened repository (real path): /home/daypirate2
2026-07-21 00:34:13.487 [info] [Model][openRepository] Opened repository (kind): repository
2026-07-21 00:34:13.507 [info] > git config --get commit.template [10ms]
2026-07-21 00:34:13.508 [info] > git rev-parse --show-toplevel [4ms]
2026-07-21 00:34:13.528 [info] > git status -z -uall [129ms]
2026-07-21 00:34:13.592 [info] > git for-each-ref --format=%(refname)%00%(upstream:short)%00%(objectname)%00%(upstream:track)%00%(upstream:remotename)%00%(upstream:remoteref) refs/heads/bigtree refs/remotes/bigtree [29ms]
2026-07-21 00:34:13.601 [info] > git rev-parse --show-toplevel [75ms]
2026-07-21 00:34:13.601 [info] > git for-each-ref --format=%(refname)%00%(upstream:short)%00%(objectname)%00%(upstream:track)%00%(upstream:remotename)%00%(upstream:remoteref) refs/heads/main refs/remotes/main [85ms]
2026-07-21 00:34:13.625 [info] > git status -z -uall [18ms]
2026-07-21 00:34:13.625 [info] > git config --get --local branch.bigtree.vscode-merge-base [25ms]
2026-07-21 00:34:13.631 [info] > git config --get commit.template [56ms]
2026-07-21 00:34:13.634 [info] > git for-each-ref --format=%(refname)%00%(upstream:short)%00%(objectname)%00%(upstream:track)%00%(upstream:remotename)%00%(upstream:remoteref) refs/heads/origin/bigtree refs/remotes/origin/bigtree [5ms]
2026-07-21 00:34:13.641 [info] > git rev-parse --show-toplevel [23ms]
2026-07-21 00:34:13.643 [info] > git for-each-ref --sort -committerdate --format %(refname)%00%(objectname)%00%(*objectname) [32ms]
2026-07-21 00:34:13.723 [info] > git for-each-ref --format=%(refname)%00%(upstream:short)%00%(objectname)%00%(upstream:track)%00%(upstream:remotename)%00%(upstream:remoteref) refs/heads/main refs/remotes/main [65ms]
2026-07-21 00:34:13.728 [info] > git merge-base refs/heads/bigtree refs/remotes/origin/bigtree [88ms]
2026-07-21 00:34:13.757 [info] > git diff --raw --numstat --diff-filter=ADMR -z --find-renames=50% a44b00ca1657f3797b4b7d2c14a25a02f41db203...refs/remotes/origin/bigtree -- [24ms]
2026-07-21 00:34:13.758 [info] > git config --get --local branch.main.vscode-merge-base [30ms]
2026-07-21 00:34:13.758 [warning] [Git][config] git config failed: Failed to execute git
2026-07-21 00:34:13.763 [info] > git config --get commit.template [88ms]
2026-07-21 00:34:13.763 [info] > git rev-parse --show-toplevel [93ms]
2026-07-21 00:34:13.763 [info] > git for-each-ref --format=%(refname)%00%(upstream:short)%00%(objectname)%00%(upstream:track)%00%(upstream:remotename)%00%(upstream:remoteref) refs/heads/bigtree refs/remotes/bigtree [97ms]
2026-07-21 00:34:13.822 [warning] [Git][revParse] Unable to read file: ENOENT: no such file or directory, open '/home/daypirate2/https-github.com-GoogleCloudPlatform-cloud-code-vscode/.git/refs/remotes/origin/bigtree'
2026-07-21 00:34:13.828 [info] > git reflog main --grep-reflog=branch: Created from *. [66ms]
2026-07-21 00:34:13.838 [info] > git rev-parse refs/remotes/origin/bigtree [17ms]
2026-07-21 00:34:13.847 [info] > git rev-parse --show-toplevel [29ms]
2026-07-21 00:34:13.855 [info] > git for-each-ref --format=%(refname)%00%(upstream:short)%00%(objectname)%00%(upstream:track)%00%(upstream:remotename)%00%(upstream:remoteref) refs/heads/main refs/remotes/main [18ms]
2026-07-21 00:34:13.867 [info] > git symbolic-ref --short refs/remotes/origin/HEAD [34ms]
2026-07-21 00:34:13.867 [info] fatal: ref refs/remotes/origin/HEAD is not a symbolic ref
2026-07-21 00:34:13.867 [warning] [Repository][getDefaultBranch] Failed to get default branch details: Failed to execute git.
2026-07-21 00:34:13.873 [info] > git rev-parse --show-toplevel [19ms]
2026-07-21 00:34:13.874 [info] > git for-each-ref --sort -committerdate --format %(refname)%00%(objectname)%00%(*objectname) [28ms]
2026-07-21 00:34:13.908 [info] > git for-each-ref --sort -committerdate --format %(refname)%00%(objectname)%00%(*objectname) [42ms]
2026-07-21 00:34:13.918 [info] > git status -z -uall [58ms]
2026-07-21 00:34:13.928 [info] > git rev-parse --show-toplevel [14ms]
2026-07-21 00:34:17.704 [info] > git status -z -uall [3862ms]
2026-07-21 00:34:17.704 [info] > git check-ignore -v -z --stdin [2307ms]
2026-07-21 00:34:17.705 [info] > git check-ignore -v -z --stdin [2303ms]
2026-07-21 00:34:17.710 [info] > git rev-parse --show-toplevel [3777ms]
2026-07-21 00:34:17.865 [info] > git config --get commit.template [120ms]
2026-07-21 00:34:17.865 [info] > git rev-parse --show-toplevel [127ms]
2026-07-21 00:34:17.975 [info] > git rev-parse --show-toplevel [88ms]
2026-07-21 00:34:17.996 [info] > git for-each-ref --format=%(refname)%00%(upstream:short)%00%(objectname)%00%(upstream:track)%00%(upstream:remotename)%00%(upstream:remoteref) refs/heads/main refs/remotes/main [27ms]
2026-07-21 00:34:18.547 [info] > git status -z -uall [541ms]
2026-07-21 00:34:18.548 [info] > git rev-parse --show-toplevel [517ms]
2026-07-21 00:34:18.548 [info] > git log --format=%H%n%aN%n%aE%n%at%n%ct%n%P%n%D%n%B -z --shortstat --diff-merges=first-parent -n50 --skip=0 --topo-order --decorate=full --stdin [793ms]
2026-07-21 00:34:18.606 [info] > git for-each-ref --sort -committerdate --format %(refname)%00%(objectname)%00%(*objectname) [585ms]
2026-07-21 00:34:18.732 [info] > git check-ignore -v -z --stdin [111ms]
2026-07-21 00:34:18.733 [info] > git rev-parse --show-toplevel [99ms]
2026-07-21 00:34:19.770 [info] > git rev-parse --show-toplevel [849ms]
2026-07-21 00:34:19.770 [info] [Model][doInitialScan] Initial repository scan completed - repositories (2), closed repositories (0), parent repositories (0), unsafe repositories (0)
2026-07-21 00:34:23.760 [info] > git config --get commit.template [29ms]
2026-07-21 00:34:23.822 [info] > git for-each-ref --format=%(refname)%00%(upstream:short)%00%(objectname)%00%(upstream:track)%00%(upstream:remotename)%00%(upstream:remoteref) refs/heads/main refs/remotes/main [24ms]
2026-07-21 00:34:23.856 [info] > git for-each-ref --sort -committerdate --format %(refname)%00%(objectname)%00%(*objectname) [3ms]
2026-07-21 00:34:23.890 [info] > git status -z -uall [54ms]
2026-07-21 00:34:23.900 [info] > git merge-base bigtree origin/bigtree [13ms]
2026-07-21 00:34:29.360 [info] > git config --get commit.template [5ms]
2026-07-21 00:34:29.385 [info] > git for-each-ref --format=%(refname)%00%(upstream:short)%00%(objectname)%00%(upstream:track)%00%(upstream:remotename)%00%(upstream:remoteref) refs/heads/main refs/remotes/main [5ms]
2026-07-21 00:34:29.425 [info] > git status -z -uall [24ms]
2026-07-21 00:34:29.432 [info] > git for-each-ref --sort -committerdate --format %(refname)%00%(objectname)%00%(*objectname) [9ms]
2026-07-21 00:34:34.597 [info] > git config --get commit.template [120ms]
2026-07-21 00:34:34.625 [info] > git for-each-ref --format=%(refname)%00%(upstream:short)%00%(objectname)%00%(upstream:track)%00%(upstream:remotename)%00%(upstream:remoteref) refs/heads/main refs/remotes/main [2ms]
2026-07-21 00:34:34.682 [info] > git status -z -uall [36ms]
2026-07-21 00:34:34.685 [info] > git for-each-ref --sort -committerdate --format %(refname)%00%(objectname)%00%(*objectname) [17ms]
2026-07-21 00:34:39.718 [info] > git config --get commit.template [8ms]
2026-07-21 00:34:39.733 [info] > git for-each-ref --format=%(refname)%00%(upstream:short)%00%(objectname)%00%(upstream:track)%00%(upstream:remotename)%00%(upstream:remoteref) refs/heads/main refs/remotes/main [2ms]
2026-07-21 00:34:39.768 [info] > git status -z -uall [20ms]
2026-07-21 00:34:39.771 [info] > git for-each-ref --sort -committerdate --format %(refname)%00%(objectname)%00%(*objectname) [4ms]
2026-07-21 00:34:44.800 [info] > git config --get commit.template [1ms]
2026-07-21 00:34:44.876 [info] > git for-each-ref --format=%(refname)%00%(upstream:short)%00%(objectname)%00%(upstream:track)%00%(upstream:remotename)%00%(upstream:remoteref) refs/heads/main refs/remotes/main [5ms]
2026-07-21 00:34:44.923 [info] > git status -z -uall [31ms]
2026-07-21 00:34:44.923 [info] > git for-each-ref --sort -committerdate --format %(refname)%00%(objectname)%00%(*objectname) [2ms]
2026-07-21 00:34:49.955 [info] > git config --get commit.template [14ms]
2026-07-21 00:34:49.956 [info] > git for-each-ref --format=%(refname)%00%(upstream:short)%00%(objectname)%00%(upstream:track)%00%(upstream:remotename)%00%(upstream:remoteref) refs/heads/main refs/remotes/main [2ms]
2026-07-21 00:34:49.982 [info] > git for-each-ref --sort -committerdate --format %(refname)%00%(objectname)%00%(*objectname) [2ms]
2026-07-21 00:34:49.984 [info] > git status -z -uall [17ms]
2026-07-21 00:34:55.016 [info] > git config --get commit.template [13ms]
2026-07-21 00:34:55.017 [info] > git for-each-ref --format=%(refname)%00%(upstream:short)%00%(objectname)%00%(upstream:track)%00%(upstream:remotename)%00%(upstream:remoteref) refs/heads/main refs/remotes/main [1ms]
2026-07-21 00:34:55.045 [info] > git for-each-ref --sort -committerdate --format %(refname)%00%(objectname)%00%(*objectname) [3ms]
2026-07-21 00:34:55.047 [info] > git status -z -uall [18ms]
2026-07-21 00:34:57.351 [info] > git log --format=%H%n%aN%n%aE%n%at%n%ct%n%P%n%D%n%B -z --shortstat --diff-merges=first-parent -n50 --skip=0 --topo-order --decorate=full --stdin [325ms]
2026-07-21 00:35:00.083 [info] > git config --get commit.template [15ms]
2026-07-21 00:35:00.084 [info] > git for-each-ref --format=%(refname)%00%(upstream:short)%00%(objectname)%00%(upstream:track)%00%(upstream:remotename)%00%(upstream:remoteref) refs/heads/main refs/remotes/main [2ms]
2026-07-21 00:35:00.114 [info] > git for-each-ref --sort -committerdate --format %(refname)%00%(objectname)%00%(*objectname) [1ms]
2026-07-21 00:35:00.117 [info] > git status -z -uall [21ms]
