2026-07-20 21:28:29.741 [info] [main] Log level: Info
2026-07-20 21:28:29.741 [info] [main] Validating found git in: "git"
2026-07-20 21:28:29.741 [info] [main] Using git "2.43.0" from "git"
2026-07-20 21:28:29.741 [info] [Model][doInitialScan] Initial repository scan started
2026-07-20 21:28:29.741 [info] > git rev-parse --show-toplevel [618ms]
2026-07-20 21:28:29.741 [info] > git rev-parse --git-dir --git-common-dir --show-superproject-working-tree [61ms]
2026-07-20 21:28:30.476 [info] [Model][openRepository] Opened repository (path): /home/daypirate2
2026-07-20 21:28:30.476 [info] [Model][openRepository] Opened repository (real path): /home/daypirate2
2026-07-20 21:28:30.476 [info] [Model][openRepository] Opened repository (kind): repository
2026-07-20 21:28:33.097 [info] > git rev-parse --show-toplevel [2516ms]
2026-07-20 21:28:33.099 [info] > git config --get commit.template [2542ms]
2026-07-20 21:28:33.570 [info] > git rev-parse --show-toplevel [454ms]
2026-07-20 21:28:33.851 [info] > git for-each-ref --format=%(refname)%00%(upstream:short)%00%(objectname)%00%(upstream:track)%00%(upstream:remotename)%00%(upstream:remoteref) refs/heads/main refs/remotes/main [622ms]
2026-07-20 21:28:34.225 [info] > git check-ignore -v -z --stdin [596ms]
2026-07-20 21:28:34.226 [info] > git status -z -uall [332ms]
2026-07-20 21:28:34.232 [info] > git check-ignore -v -z --stdin [85ms]
2026-07-20 21:28:34.239 [info] > git for-each-ref --sort -committerdate --format %(refname)%00%(objectname)%00%(*objectname) [303ms]
2026-07-20 21:28:34.325 [info] > git rev-parse --show-toplevel [649ms]
2026-07-20 21:28:34.449 [info] > git for-each-ref --format=%(refname)%00%(upstream:short)%00%(objectname)%00%(upstream:track)%00%(upstream:remotename)%00%(upstream:remoteref) refs/heads/main refs/remotes/main [138ms]
2026-07-20 21:28:34.604 [info] > git config --get --local branch.main.vscode-merge-base [135ms]
2026-07-20 21:28:34.604 [warning] [Git][config] git config failed: Failed to execute git
2026-07-20 21:28:34.625 [info] > git rev-parse --show-toplevel [203ms]
2026-07-20 21:28:34.626 [info] > git config --get commit.template [216ms]
2026-07-20 21:28:34.711 [info] > git reflog main --grep-reflog=branch: Created from *. [86ms]
2026-07-20 21:28:34.801 [info] > git rev-parse --show-toplevel [108ms]
2026-07-20 21:28:34.837 [info] > git for-each-ref --format=%(refname)%00%(upstream:short)%00%(objectname)%00%(upstream:track)%00%(upstream:remotename)%00%(upstream:remoteref) refs/heads/main refs/remotes/main [53ms]
2026-07-20 21:28:34.891 [info] > git symbolic-ref --short refs/remotes/origin/HEAD [154ms]
2026-07-20 21:28:34.891 [info] fatal: ref refs/remotes/origin/HEAD is not a symbolic ref
2026-07-20 21:28:34.891 [warning] [Repository][getDefaultBranch] Failed to get default branch details: Failed to execute git.
2026-07-20 21:28:34.906 [info] > git for-each-ref --sort -committerdate --format %(refname)%00%(objectname)%00%(*objectname) [15ms]
2026-07-20 21:28:34.906 [info] > git rev-parse --show-toplevel [70ms]
2026-07-20 21:28:34.940 [info] > git status -z -uall [79ms]
2026-07-20 21:28:34.969 [info] > git rev-parse --show-toplevel [30ms]
2026-07-20 21:28:35.072 [info] > git rev-parse --show-toplevel [62ms]
2026-07-20 21:28:35.075 [info] [Model][doInitialScan] Initial repository scan completed - repositories (1), closed repositories (0), parent repositories (0), unsafe repositories (0)
2026-07-20 21:28:35.196 [info] > git show --textconv :e62d0871f764c5d2832a96a6bd780fcb7d8131aa [95ms]
2026-07-20 21:28:35.197 [info] > git ls-files --stage -- e62d0871f764c5d2832a96a6bd780fcb7d8131aa [77ms]
2026-07-20 21:28:35.328 [info] > git hash-object -t tree /dev/null [89ms]
2026-07-20 21:28:35.329 [warning] [GitFileSystemProvider][readFile] File not found - git:/home/daypirate2/e62d0871f764c5d2832a96a6bd780fcb7d8131aa.git?%7B%22path%22%3A%22%2Fhome%2Fdaypirate2%2Fe62d0871f764c5d2832a96a6bd780fcb7d8131aa%22%2C%22ref%22%3A%22%22%7D
2026-07-20 21:28:35.356 [info] > git hash-object -t tree /dev/null [137ms]
2026-07-20 21:28:35.356 [warning] [GitFileSystemProvider][stat] File not found - git:/home/daypirate2/e62d0871f764c5d2832a96a6bd780fcb7d8131aa.git?%7B%22path%22%3A%22%2Fhome%2Fdaypirate2%2Fe62d0871f764c5d2832a96a6bd780fcb7d8131aa%22%2C%22ref%22%3A%22%22%7D
2026-07-20 21:28:35.775 [info] > git blame --root --incremental e62d0871f764c5d2832a96a6bd780fcb7d8131aa -- e62d0871f764c5d2832a96a6bd780fcb7d8131aa [14ms]
2026-07-20 21:28:35.778 [info] fatal: no such path e62d0871f764c5d2832a96a6bd780fcb7d8131aa in e62d0871f764c5d2832a96a6bd780fcb7d8131aa
2026-07-20 21:28:37.239 [info] > git config --get commit.template [218ms]
2026-07-20 21:28:37.346 [info] > git for-each-ref --format=%(refname)%00%(upstream:short)%00%(objectname)%00%(upstream:track)%00%(upstream:remotename)%00%(upstream:remoteref) refs/heads/main refs/remotes/main [35ms]
2026-07-20 21:28:37.398 [info] > git for-each-ref --sort -committerdate --format %(refname)%00%(objectname)%00%(*objectname) [12ms]
2026-07-20 21:28:37.399 [info] > git status -z -uall [34ms]
2026-07-20 21:28:42.120 [info] > git for-each-ref --sort -committerdate --format %(refname)%00%(objectname)%00%(*objectname) refs/heads/main [21ms]
2026-07-20 21:28:42.472 [info] > git config --get commit.template [9ms]
2026-07-20 21:28:42.473 [info] > git log --format=%H%n%aN%n%aE%n%at%n%ct%n%P%n%D%n%B -z --shortstat --diff-merges=first-parent -n50 --skip=0 --topo-order --decorate=full --stdin [177ms]
2026-07-20 21:28:42.550 [info] > git for-each-ref --format=%(refname)%00%(upstream:short)%00%(objectname)%00%(upstream:track)%00%(upstream:remotename)%00%(upstream:remoteref) refs/heads/main refs/remotes/main [6ms]
2026-07-20 21:28:42.600 [info] > git for-each-ref --sort -committerdate --format %(refname)%00%(objectname)%00%(*objectname) [4ms]
2026-07-20 21:28:42.603 [info] > git status -z -uall [34ms]
2026-07-20 21:28:42.637 [info] > git check-ignore -v -z --stdin [6ms]
2026-07-20 21:29:37.214 [info] > git push -u origin main [47508ms]
2026-07-20 21:29:37.215 [info] remote: received invalid token, please visit https://cloud.google.com/secure-source-manager/docs/troubleshoot for help troubleshooting authentication failures.
fatal: Authentication failed for 'https://main-instance-159147526315-git.us-central1.sourcemanager.dev/source-root-7076/source-root.git/'
2026-07-20 21:29:37.237 [info] > git config --get commit.template [11ms]
2026-07-20 21:29:37.238 [info] > git for-each-ref --format=%(refname)%00%(upstream:short)%00%(objectname)%00%(upstream:track)%00%(upstream:remotename)%00%(upstream:remoteref) refs/heads/main refs/remotes/main [2ms]
2026-07-20 21:29:37.262 [info] > git for-each-ref --sort -committerdate --format %(refname)%00%(objectname)%00%(*objectname) [3ms]
2026-07-20 21:29:37.264 [info] > git status -z -uall [16ms]
2026-07-20 21:29:37.295 [info] > git config --get commit.template [11ms]
2026-07-20 21:29:37.296 [info] > git for-each-ref --format=%(refname)%00%(upstream:short)%00%(objectname)%00%(upstream:track)%00%(upstream:remotename)%00%(upstream:remoteref) refs/heads/main refs/remotes/main [3ms]
2026-07-20 21:29:37.317 [info] > git for-each-ref --sort -committerdate --format %(refname)%00%(objectname)%00%(*objectname) [2ms]
2026-07-20 21:29:37.318 [info] > git status -z -uall [13ms]
2026-07-20 21:29:42.345 [info] > git config --get commit.template [13ms]
2026-07-20 21:29:42.349 [info] > git for-each-ref --format=%(refname)%00%(upstream:short)%00%(objectname)%00%(upstream:track)%00%(upstream:remotename)%00%(upstream:remoteref) refs/heads/main refs/remotes/main [6ms]
2026-07-20 21:29:42.375 [info] > git for-each-ref --sort -committerdate --format %(refname)%00%(objectname)%00%(*objectname) [2ms]
2026-07-20 21:29:42.378 [info] > git status -z -uall [17ms]
2026-07-20 21:29:47.406 [info] > git config --get commit.template [11ms]
2026-07-20 21:29:47.407 [info] > git for-each-ref --format=%(refname)%00%(upstream:short)%00%(objectname)%00%(upstream:track)%00%(upstream:remotename)%00%(upstream:remoteref) refs/heads/main refs/remotes/main [2ms]
2026-07-20 21:29:47.429 [info] > git for-each-ref --sort -committerdate --format %(refname)%00%(objectname)%00%(*objectname) [2ms]
2026-07-20 21:29:47.430 [info] > git status -z -uall [12ms]
2026-07-20 21:29:49.854 [info] > git check-ignore -v -z --stdin [3ms]
2026-07-20 21:29:52.457 [info] > git config --get commit.template [10ms]
2026-07-20 21:29:52.458 [info] > git for-each-ref --format=%(refname)%00%(upstream:short)%00%(objectname)%00%(upstream:track)%00%(upstream:remotename)%00%(upstream:remoteref) refs/heads/main refs/remotes/main [2ms]
2026-07-20 21:29:52.480 [info] > git for-each-ref --sort -committerdate --format %(refname)%00%(objectname)%00%(*objectname) [2ms]
2026-07-20 21:29:52.481 [info] > git status -z -uall [12ms]
2026-07-20 21:29:57.508 [info] > git config --get commit.template [11ms]
2026-07-20 21:29:57.509 [info] > git for-each-ref --format=%(refname)%00%(upstream:short)%00%(objectname)%00%(upstream:track)%00%(upstream:remotename)%00%(upstream:remoteref) refs/heads/main refs/remotes/main [2ms]
2026-07-20 21:29:57.529 [info] > git for-each-ref --sort -committerdate --format %(refname)%00%(objectname)%00%(*objectname) [2ms]
2026-07-20 21:29:57.531 [info] > git status -z -uall [12ms]
2026-07-20 21:30:02.560 [info] > git config --get commit.template [12ms]
2026-07-20 21:30:02.561 [info] > git for-each-ref --format=%(refname)%00%(upstream:short)%00%(objectname)%00%(upstream:track)%00%(upstream:remotename)%00%(upstream:remoteref) refs/heads/main refs/remotes/main [2ms]
2026-07-20 21:30:02.588 [info] > git status -z -uall [15ms]
2026-07-20 21:30:02.589 [info] > git for-each-ref --sort -committerdate --format %(refname)%00%(objectname)%00%(*objectname) [4ms]
2026-07-20 21:30:07.627 [info] > git config --get commit.template [18ms]
2026-07-20 21:30:07.630 [info] > git for-each-ref --format=%(refname)%00%(upstream:short)%00%(objectname)%00%(upstream:track)%00%(upstream:remotename)%00%(upstream:remoteref) refs/heads/main refs/remotes/main [4ms]
2026-07-20 21:30:07.659 [info] > git for-each-ref --sort -committerdate --format %(refname)%00%(objectname)%00%(*objectname) [2ms]
2026-07-20 21:30:07.660 [info] > git status -z -uall [16ms]
2026-07-20 21:30:12.696 [info] > git config --get commit.template [2ms]
2026-07-20 21:30:12.714 [info] > git for-each-ref --format=%(refname)%00%(upstream:short)%00%(objectname)%00%(upstream:track)%00%(upstream:remotename)%00%(upstream:remoteref) refs/heads/main refs/remotes/main [2ms]
2026-07-20 21:30:12.753 [info] > git status -z -uall [24ms]
2026-07-20 21:30:12.758 [info] > git for-each-ref --sort -committerdate --format %(refname)%00%(objectname)%00%(*objectname) [7ms]
2026-07-20 21:30:17.832 [info] > git config --get commit.template [12ms]
2026-07-20 21:30:17.833 [info] > git for-each-ref --format=%(refname)%00%(upstream:short)%00%(objectname)%00%(upstream:track)%00%(upstream:remotename)%00%(upstream:remoteref) refs/heads/main refs/remotes/main [2ms]
2026-07-20 21:30:17.858 [info] > git status -z -uall [14ms]
2026-07-20 21:30:17.858 [info] > git for-each-ref --sort -committerdate --format %(refname)%00%(objectname)%00%(*objectname) [3ms]
