2026-07-20 23:57:56.953 [info] Starting Environment refresh
2026-07-20 23:57:56.953 [info] Searching for interpreters in posix paths locator
2026-07-20 23:57:56.953 [info] Searching for pyenv environments
2026-07-20 23:57:56.953 [info] Searching for conda environments
2026-07-20 23:57:56.953 [info] Searching for global virtual environments
2026-07-20 23:57:56.953 [info] Searching for custom virtual environments
2026-07-20 23:57:56.953 [info] Skipping ActivatedEnv Detection:  process.env.VSCODE_CLI !== '1'
2026-07-20 23:57:56.953 [info] Skipping ActivatedEnv Detection:  process.env.VSCODE_CLI !== '1'
2026-07-20 23:57:56.953 [info] pyenv is not installed
2026-07-20 23:57:56.953 [info] Finished searching for pyenv environments: 175 milliseconds
2026-07-20 23:57:56.953 [info] Finished searching for custom virtual envs: 171 milliseconds
2026-07-20 23:57:56.953 [info] > conda info --json
2026-07-20 23:57:56.953 [info] Finished searching for global virtual envs: 599 milliseconds
2026-07-20 23:57:57.039 [info] Found: /bin/python --> /bin/python3.12
2026-07-20 23:58:00.120 [info] Found: /bin/python3 --> /bin/python3.12
2026-07-20 23:58:00.146 [info] Found: /bin/python3.12 --> /bin/python3.12
2026-07-20 23:58:00.193 [info] Found: /usr/bin/python --> /usr/bin/python3.12
2026-07-20 23:58:00.197 [info] Found: /usr/bin/python3 --> /usr/bin/python3.12
2026-07-20 23:58:00.197 [info] Found: /usr/bin/python3.12 --> /usr/bin/python3.12
2026-07-20 23:58:00.375 [info] Finished searching for interpreters in posix paths locator: 4165 milliseconds
2026-07-20 23:58:00.375 [info] > /bin/python -I /google/devshell/editor/code-oss-for-cloud-shell/extensions/ms-python.python/python_files/get_output_via_markers.py /google/devshell/editor/code-oss-for-cloud-shell/extensions/ms-python.python/python_files/interpreterInfo.py
2026-07-20 23:58:00.458 [info] > /usr/bin/python -I /google/devshell/editor/code-oss-for-cloud-shell/extensions/ms-python.python/python_files/get_output_via_markers.py /google/devshell/editor/code-oss-for-cloud-shell/extensions/ms-python.python/python_files/interpreterInfo.py
2026-07-20 23:58:00.458 [info] Environments refresh paths discovered (event): 4262 milliseconds
2026-07-20 23:58:00.459 [info] Environments refresh paths discovered: 4263 milliseconds
2026-07-20 23:58:00.549 [info] Environments refresh finished (event): 4353 milliseconds
2026-07-20 23:58:00.565 [info] Environment refresh took 4369 milliseconds
2026-07-20 23:58:00.566 [error] Cannot update workspace settings as no workspace is opened
2026-07-20 23:58:00.602 [info] Python interpreter path: /bin/python
2026-07-20 23:58:03.230 [info] Starting Jedi language server for default.
2026-07-21 00:01:43.455 [info] Searching for interpreters in posix paths locator
2026-07-21 00:01:43.492 [info] Searching for pyenv environments
2026-07-21 00:01:43.492 [info] Searching for conda environments
2026-07-21 00:01:43.492 [info] Searching for global virtual environments
2026-07-21 00:01:43.492 [info] Searching for custom virtual environments
2026-07-21 00:01:43.494 [warning] Dir "/home/daypirate2/https-github.com-GoogleCloudPlatform-cloud-code-vscode/.pixi/envs" is not watchable (directory does not exist)
2026-07-21 00:01:43.511 [info] > hatch env show --json
2026-07-21 00:01:43.511 [info] cwd: .
