0 verbose cli /usr/local/nvm/versions/node/v24.16.0/bin/node /usr/local/nvm/versions/node/v24.16.0/bin/npm
1 info using npm@12.0.1
2 info using node@v24.16.0
3 silly config load:file:/usr/local/nvm/versions/node/v24.16.0/lib/node_modules/npm/npmrc
4 silly config load:file:/home/daypirate2/.cache/typescript/5.9/.npmrc
5 silly config load:file:/home/daypirate2/.npmrc
6 silly config load:file:/usr/local/nvm/versions/node/v24.16.0/etc/npmrc
7 verbose title npm install @types/express@ts5.9 @types/compression@ts5.9 @types/node@ts5.9 @types/react@ts5.9
8 verbose argv "install" "--ignore-scripts" "@types/express@ts5.9" "@types/compression@ts5.9" "@types/node@ts5.9" "@types/react@ts5.9" "--save-dev" "--user-agent" "typesInstaller/5.9.3"
9 verbose logfile logs-max:10 dir:/home/daypirate2/.npm/_logs/2026-07-21T02_33_21_340Z-
10 verbose logfile /home/daypirate2/.npm/_logs/2026-07-21T02_33_21_340Z-debug-0.log
11 silly logfile start cleaning logs, removing 1 files
12 silly logfile done cleaning log files
13 silly packumentCache heap:2348810240 maxSize:587202560 maxEntrySize:293601280
14 silly packumentCache corgi:https://registry.npmjs.org/@types%2fexpress cache-miss
15 silly packumentCache corgi:https://registry.npmjs.org/@types%2fcompression cache-miss
16 silly packumentCache corgi:https://registry.npmjs.org/@types%2fnode cache-miss
17 silly packumentCache corgi:https://registry.npmjs.org/@types%2freact cache-miss
18 http fetch GET 200 https://registry.npmjs.org/@types%2fcompression 152ms (cache miss)
19 silly packumentCache corgi:https://registry.npmjs.org/@types%2fcompression set size:undefined disposed:false
20 http fetch GET 200 https://registry.npmjs.org/@types%2fexpress 165ms (cache miss)
21 silly packumentCache corgi:https://registry.npmjs.org/@types%2fexpress set size:undefined disposed:false
22 http fetch GET 200 https://registry.npmjs.org/@types%2freact 199ms (cache miss)
23 silly packumentCache corgi:https://registry.npmjs.org/@types%2freact set size:undefined disposed:false
24 http fetch GET 200 https://registry.npmjs.org/@types%2fnode 232ms (cache miss)
25 silly packumentCache corgi:https://registry.npmjs.org/@types%2fnode set size:undefined disposed:false
26 silly idealTree buildDeps
27 silly fetch manifest @types/compression@1.8.1
28 silly packumentCache full:https://registry.npmjs.org/@types%2fcompression cache-miss
29 http fetch GET 200 https://registry.npmjs.org/@types%2fcompression 45ms (cache miss)
30 silly packumentCache full:https://registry.npmjs.org/@types%2fcompression set size:undefined disposed:false
31 silly fetch manifest @types/express@5.0.6
32 silly packumentCache full:https://registry.npmjs.org/@types%2fexpress cache-miss
33 http fetch GET 200 https://registry.npmjs.org/@types%2fexpress 44ms (cache miss)
34 silly packumentCache full:https://registry.npmjs.org/@types%2fexpress set size:undefined disposed:false
35 silly fetch manifest @types/react@19.2.17
36 silly packumentCache full:https://registry.npmjs.org/@types%2freact cache-miss
37 http fetch GET 200 https://registry.npmjs.org/@types%2freact 111ms (cache miss)
38 silly packumentCache full:https://registry.npmjs.org/@types%2freact set size:undefined disposed:false
39 silly fetch manifest @types/node@26.1.1
40 silly packumentCache full:https://registry.npmjs.org/@types%2fnode cache-miss
41 http fetch GET 200 https://registry.npmjs.org/@types%2fnode 207ms (cache miss)
42 silly packumentCache full:https://registry.npmjs.org/@types%2fnode set size:undefined disposed:false
43 silly placeDep ROOT @types/compression@1.8.1 OK for:  want: 1.8.1
44 silly placeDep ROOT @types/express@5.0.6 OK for:  want: 5.0.6
45 silly placeDep ROOT @types/node@26.1.1 OK for:  want: 26.1.1
46 silly placeDep ROOT @types/react@19.2.17 OK for:  want: 19.2.17
47 silly fetch manifest @types/node@*
48 silly packumentCache full:https://registry.npmjs.org/@types%2fnode cache-miss
49 silly fetch manifest @types/express@*
50 silly packumentCache full:https://registry.npmjs.org/@types%2fexpress cache-miss
51 http cache https://registry.npmjs.org/@types%2fexpress 10ms (cache hit)
52 silly packumentCache full:https://registry.npmjs.org/@types%2fexpress set size:111364 disposed:false
53 silly fetch manifest @types/body-parser@*
54 silly packumentCache full:https://registry.npmjs.org/@types%2fbody-parser cache-miss
55 http cache https://registry.npmjs.org/@types%2fnode 46ms (cache hit)
56 silly packumentCache full:https://registry.npmjs.org/@types%2fnode set size:11080817 disposed:false
57 silly fetch manifest @types/serve-static@^2
58 silly packumentCache full:https://registry.npmjs.org/@types%2fserve-static cache-miss
59 http fetch GET 200 https://registry.npmjs.org/@types%2fbody-parser 177ms (cache miss)
60 silly packumentCache full:https://registry.npmjs.org/@types%2fbody-parser set size:undefined disposed:false
61 silly fetch manifest @types/express-serve-static-core@^5.0.0
62 silly packumentCache full:https://registry.npmjs.org/@types%2fexpress-serve-static-core cache-miss
63 http fetch GET 200 https://registry.npmjs.org/@types%2fserve-static 43ms (cache miss)
64 silly packumentCache full:https://registry.npmjs.org/@types%2fserve-static set size:undefined disposed:false
65 silly fetch manifest undici-types@~8.3.0
66 silly packumentCache full:https://registry.npmjs.org/undici-types cache-miss
67 http fetch GET 200 https://registry.npmjs.org/@types%2fexpress-serve-static-core 45ms (cache miss)
68 silly packumentCache full:https://registry.npmjs.org/@types%2fexpress-serve-static-core set size:undefined disposed:false
69 silly fetch manifest csstype@^3.2.2
70 silly packumentCache full:https://registry.npmjs.org/csstype cache-miss
71 http fetch GET 200 https://registry.npmjs.org/undici-types 37ms (cache miss)
72 silly packumentCache full:https://registry.npmjs.org/undici-types set size:undefined disposed:false
73 http fetch GET 200 https://registry.npmjs.org/csstype 43ms (cache miss)
74 silly packumentCache full:https://registry.npmjs.org/csstype set size:undefined disposed:false
75 silly placeDep ROOT @types/body-parser@1.19.6 OK for: @types/express@5.0.6 want: *
76 silly placeDep ROOT @types/express-serve-static-core@5.1.2 OK for: @types/express@5.0.6 want: ^5.0.0
77 silly placeDep ROOT @types/serve-static@2.2.0 OK for: @types/express@5.0.6 want: ^2
78 silly fetch manifest @types/connect@*
79 silly packumentCache full:https://registry.npmjs.org/@types%2fconnect cache-miss
80 silly fetch manifest @types/qs@*
81 silly packumentCache full:https://registry.npmjs.org/@types%2fqs cache-miss
82 http fetch GET 200 https://registry.npmjs.org/@types%2fconnect 48ms (cache miss)
83 silly packumentCache full:https://registry.npmjs.org/@types%2fconnect set size:undefined disposed:false
84 silly fetch manifest @types/send@*
85 silly packumentCache full:https://registry.npmjs.org/@types%2fsend cache-miss
86 http fetch GET 200 https://registry.npmjs.org/@types%2fqs 54ms (cache miss)
87 silly packumentCache full:https://registry.npmjs.org/@types%2fqs set size:undefined disposed:false
88 silly fetch manifest @types/range-parser@*
89 silly packumentCache full:https://registry.npmjs.org/@types%2frange-parser cache-miss
90 http fetch GET 200 https://registry.npmjs.org/@types%2fsend 38ms (cache miss)
91 silly packumentCache full:https://registry.npmjs.org/@types%2fsend set size:undefined disposed:false
92 silly fetch manifest @types/http-errors@*
93 silly packumentCache full:https://registry.npmjs.org/@types%2fhttp-errors cache-miss
94 http fetch GET 200 https://registry.npmjs.org/@types%2frange-parser 42ms (cache miss)
95 silly packumentCache full:https://registry.npmjs.org/@types%2frange-parser set size:undefined disposed:false
96 http fetch GET 200 https://registry.npmjs.org/@types%2fhttp-errors 42ms (cache miss)
97 silly packumentCache full:https://registry.npmjs.org/@types%2fhttp-errors set size:undefined disposed:false
98 silly placeDep ROOT @types/connect@3.4.38 OK for: @types/body-parser@1.19.6 want: *
99 silly placeDep ROOT @types/qs@6.15.1 OK for: @types/express-serve-static-core@5.1.2 want: *
100 silly placeDep ROOT @types/range-parser@1.2.7 OK for: @types/express-serve-static-core@5.1.2 want: *
101 silly placeDep ROOT @types/send@1.2.1 OK for: @types/express-serve-static-core@5.1.2 want: *
102 silly placeDep ROOT undici-types@8.3.0 OK for: @types/node@26.1.1 want: ~8.3.0
103 silly placeDep ROOT csstype@3.2.3 OK for: @types/react@19.2.17 want: ^3.2.2
104 silly placeDep ROOT @types/http-errors@2.0.5 OK for: @types/serve-static@2.2.0 want: *
105 silly reify moves {}
106 silly audit bulk request {
106 silly audit   'types-registry': [ '0.1.779' ],
106 silly audit   '@types/compression': [ '1.8.1' ],
106 silly audit   '@types/express': [ '5.0.6' ],
106 silly audit   '@types/node': [ '26.1.1' ],
106 silly audit   '@types/react': [ '19.2.17' ],
106 silly audit   '@types/body-parser': [ '1.19.6' ],
106 silly audit   '@types/express-serve-static-core': [ '5.1.2' ],
106 silly audit   '@types/serve-static': [ '2.2.0' ],
106 silly audit   '@types/connect': [ '3.4.38' ],
106 silly audit   '@types/qs': [ '6.15.1' ],
106 silly audit   '@types/range-parser': [ '1.2.7' ],
106 silly audit   '@types/send': [ '1.2.1' ],
106 silly audit   'undici-types': [ '8.3.0' ],
106 silly audit   csstype: [ '3.2.3' ],
106 silly audit   '@types/http-errors': [ '2.0.5' ]
106 silly audit }
107 http cache @types/http-errors@https://registry.npmjs.org/@types/http-errors/-/http-errors-2.0.5.tgz 0ms (cache hit)
108 http cache undici-types@https://registry.npmjs.org/undici-types/-/undici-types-8.3.0.tgz 1ms (cache hit)
109 http cache @types/range-parser@https://registry.npmjs.org/@types/range-parser/-/range-parser-1.2.7.tgz 0ms (cache hit)
110 http cache @types/send@https://registry.npmjs.org/@types/send/-/send-1.2.1.tgz 0ms (cache hit)
111 http cache @types/qs@https://registry.npmjs.org/@types/qs/-/qs-6.15.1.tgz 0ms (cache hit)
112 http cache @types/connect@https://registry.npmjs.org/@types/connect/-/connect-3.4.38.tgz 0ms (cache hit)
113 http cache @types/serve-static@https://registry.npmjs.org/@types/serve-static/-/serve-static-2.2.0.tgz 0ms (cache hit)
114 http cache csstype@https://registry.npmjs.org/csstype/-/csstype-3.2.3.tgz 0ms (cache hit)
115 http cache @types/express-serve-static-core@https://registry.npmjs.org/@types/express-serve-static-core/-/express-serve-static-core-5.1.2.tgz 0ms (cache hit)
116 http cache @types/body-parser@https://registry.npmjs.org/@types/body-parser/-/body-parser-1.19.6.tgz 0ms (cache hit)
117 http cache @types/react@https://registry.npmjs.org/@types/react/-/react-19.2.17.tgz 0ms (cache hit)
118 http cache @types/node@https://registry.npmjs.org/@types/node/-/node-26.1.1.tgz 0ms (cache hit)
119 http cache @types/express@https://registry.npmjs.org/@types/express/-/express-5.0.6.tgz 0ms (cache hit)
120 http cache @types/compression@https://registry.npmjs.org/@types/compression/-/compression-1.8.1.tgz 0ms (cache hit)
121 silly tarball no local data for @types/http-errors@https://registry.npmjs.org/@types/http-errors/-/http-errors-2.0.5.tgz. Extracting by manifest.
122 silly tarball no local data for undici-types@https://registry.npmjs.org/undici-types/-/undici-types-8.3.0.tgz. Extracting by manifest.
123 silly tarball no local data for @types/range-parser@https://registry.npmjs.org/@types/range-parser/-/range-parser-1.2.7.tgz. Extracting by manifest.
124 silly tarball no local data for @types/send@https://registry.npmjs.org/@types/send/-/send-1.2.1.tgz. Extracting by manifest.
125 silly tarball no local data for @types/qs@https://registry.npmjs.org/@types/qs/-/qs-6.15.1.tgz. Extracting by manifest.
126 silly tarball no local data for @types/connect@https://registry.npmjs.org/@types/connect/-/connect-3.4.38.tgz. Extracting by manifest.
127 silly tarball no local data for @types/serve-static@https://registry.npmjs.org/@types/serve-static/-/serve-static-2.2.0.tgz. Extracting by manifest.
128 silly tarball no local data for csstype@https://registry.npmjs.org/csstype/-/csstype-3.2.3.tgz. Extracting by manifest.
129 silly tarball no local data for @types/express-serve-static-core@https://registry.npmjs.org/@types/express-serve-static-core/-/express-serve-static-core-5.1.2.tgz. Extracting by manifest.
130 silly tarball no local data for @types/body-parser@https://registry.npmjs.org/@types/body-parser/-/body-parser-1.19.6.tgz. Extracting by manifest.
131 silly tarball no local data for @types/react@https://registry.npmjs.org/@types/react/-/react-19.2.17.tgz. Extracting by manifest.
132 silly tarball no local data for @types/node@https://registry.npmjs.org/@types/node/-/node-26.1.1.tgz. Extracting by manifest.
133 silly tarball no local data for @types/express@https://registry.npmjs.org/@types/express/-/express-5.0.6.tgz. Extracting by manifest.
134 silly tarball no local data for @types/compression@https://registry.npmjs.org/@types/compression/-/compression-1.8.1.tgz. Extracting by manifest.
135 http fetch POST 200 https://registry.npmjs.org/-/npm/v1/security/advisories/bulk 134ms
136 silly audit report {}
137 http fetch GET 200 https://registry.npmjs.org/@types/http-errors/-/http-errors-2.0.5.tgz 133ms (cache miss)
138 http fetch GET 200 https://registry.npmjs.org/@types/range-parser/-/range-parser-1.2.7.tgz 132ms (cache miss)
139 http fetch GET 200 https://registry.npmjs.org/@types/qs/-/qs-6.15.1.tgz 289ms (cache miss)
140 http fetch GET 200 https://registry.npmjs.org/@types/express/-/express-5.0.6.tgz 284ms (cache miss)
141 http fetch GET 200 https://registry.npmjs.org/@types/serve-static/-/serve-static-2.2.0.tgz 291ms (cache miss)
142 http fetch GET 200 https://registry.npmjs.org/undici-types/-/undici-types-8.3.0.tgz 298ms (cache miss)
143 http fetch GET 200 https://registry.npmjs.org/@types/connect/-/connect-3.4.38.tgz 294ms (cache miss)
144 http fetch GET 200 https://registry.npmjs.org/@types/body-parser/-/body-parser-1.19.6.tgz 290ms (cache miss)
145 http fetch GET 200 https://registry.npmjs.org/@types/compression/-/compression-1.8.1.tgz 287ms (cache miss)
146 http fetch GET 200 https://registry.npmjs.org/@types/express-serve-static-core/-/express-serve-static-core-5.1.2.tgz 299ms (cache miss)
147 http fetch GET 200 https://registry.npmjs.org/@types/send/-/send-1.2.1.tgz 308ms (cache miss)
148 http fetch GET 200 https://registry.npmjs.org/@types/react/-/react-19.2.17.tgz 342ms (cache miss)
149 http fetch GET 200 https://registry.npmjs.org/csstype/-/csstype-3.2.3.tgz 367ms (cache miss)
150 http fetch GET 200 https://registry.npmjs.org/@types/node/-/node-26.1.1.tgz 433ms (cache miss)
151 silly ADD node_modules/@types/http-errors
152 silly ADD node_modules/csstype
153 silly ADD node_modules/undici-types
154 silly ADD node_modules/@types/send
155 silly ADD node_modules/@types/range-parser
156 silly ADD node_modules/@types/qs
157 silly ADD node_modules/@types/connect
158 silly ADD node_modules/@types/serve-static
159 silly ADD node_modules/@types/express-serve-static-core
160 silly ADD node_modules/@types/body-parser
161 silly ADD node_modules/@types/react
162 silly ADD node_modules/@types/node
163 silly ADD node_modules/@types/express
164 silly ADD node_modules/@types/compression
165 verbose cwd /home/daypirate2/.cache/typescript/5.9
166 verbose os Linux 6.6.143+
167 verbose node v24.16.0
168 verbose npm  v12.0.1
169 verbose exit 0
170 info ok
