Initializing document watcher...
Document watcher initialized
daypirate2/e62d0871f764c5d2832a96a6bd780fcb7d8131aa: {"tabSize":4,"indentSize":4,"insertSpaces":true,"cursorStyle":1,"lineNumbers":1}
daypirate2/e62d0871f764c5d2832a96a6bd780fcb7d8131aa: Using EditorConfig core...
e62d0871f764c5d2832a96a6bd780fcb7d8131aa: Target charset is not set
vscode.git.Git.log: {"tabSize":4,"indentSize":4,"insertSpaces":true,"cursorStyle":1,"lineNumbers":0}
vscode.git.Git.log: Using EditorConfig core...
vscode.git.Git.log: Target charset is not set
daypirate2/e62d0871f764c5d2832a96a6bd780fcb7d8131aa: {"tabSize":4,"indentSize":4,"insertSpaces":true,"cursorStyle":1,"lineNumbers":1}
daypirate2/e62d0871f764c5d2832a96a6bd780fcb7d8131aa: Using EditorConfig core...
e62d0871f764c5d2832a96a6bd780fcb7d8131aa: Target charset is not set
/git-error-1784584963259: {"tabSize":4,"indentSize":4,"insertSpaces":true,"cursorStyle":1,"lineNumbers":1}
/git-error-1784584963259: Using EditorConfig core...
/git-error-1784584963259: Target charset is not set
/git-error-1784584963259: {"tabSize":4,"indentSize":4,"insertSpaces":true,"cursorStyle":1,"lineNumbers":1}
/git-error-1784584963259: {"tabSize":4,"indentSize":4,"insertSpaces":true,"cursorStyle":1,"lineNumbers":1}
/git-error-1784584963259: {"tabSize":4,"indentSize":4,"insertSpaces":true,"cursorStyle":1,"lineNumbers":1}
/git-error-1784584963259: {"tabSize":4,"indentSize":4,"insertSpaces":true,"cursorStyle":1,"lineNumbers":1}
/home/daypirate2/.bash_history: {"tabSize":4,"indentSize":4,"insertSpaces":true,"cursorStyle":1,"lineNumbers":1}
/home/daypirate2/.bash_history: Using EditorConfig core...
.bash_history: Target charset is not set
/home/daypirate2/.bash_history: {"tabSize":4,"indentSize":4,"insertSpaces":true,"cursorStyle":1,"lineNumbers":1}
/User/settings.json: Using EditorConfig core...
/User/settings.json: Using EditorConfig core...
/User/settings.json: Target charset is not set
/User/settings.json: Using EditorConfig core...
/User/settings.json: Using EditorConfig core...
/User/settings.json: Target charset is not set
/User/settings.json: Using EditorConfig core...
/User/settings.json: Using EditorConfig core...
/User/settings.json: Target charset is not set
/User/settings.json: Using EditorConfig core...
/User/settings.json: Using EditorConfig core...
/User/settings.json: Target charset is not set
/home/daypirate2/.bash_history: {"tabSize":4,"indentSize":4,"insertSpaces":true,"cursorStyle":1,"lineNumbers":1}
/home/daypirate2/.bash_history: Using EditorConfig core...
.bash_history: Target charset is not set
/home/daypirate2/.bash_history: {"tabSize":4,"indentSize":4,"insertSpaces":true,"cursorStyle":1,"lineNumbers":1}
