Initializing document watcher...
Document watcher initialized
https-github.com-GoogleCloudPlatform-cloud-code-vscode/cuda-binaries/backup-cloud-storage.bat: {"tabSize":4,"indentSize":4,"insertSpaces":true,"cursorStyle":1,"lineNumbers":1}
https-github.com-GoogleCloudPlatform-cloud-code-vscode/cuda-binaries/backup-cloud-storage.bat: Using EditorConfig core...
cuda-binaries/backup-cloud-storage.bat: Target charset is not set
https-github.com-GoogleCloudPlatform-cloud-code-vscode/cuda-binaries/boot-to-bios.bat: {"tabSize":4,"indentSize":4,"insertSpaces":true,"cursorStyle":1,"lineNumbers":1}
https-github.com-GoogleCloudPlatform-cloud-code-vscode/cuda-binaries/boot-to-bios.bat: Using EditorConfig core...
cuda-binaries/boot-to-bios.bat: Target charset is not set
https-github.com-GoogleCloudPlatform-cloud-code-vscode/cuda-binaries/build-pipeline.js: {"tabSize":2,"indentSize":2,"insertSpaces":true,"cursorStyle":1,"lineNumbers":1}
https-github.com-GoogleCloudPlatform-cloud-code-vscode/cuda-binaries/build-pipeline.js: Using EditorConfig core...
cuda-binaries/build-pipeline.js: Target charset is not set
https-github.com-GoogleCloudPlatform-cloud-code-vscode/cuda-binaries/boot-to-bios.ps1: {"tabSize":4,"indentSize":4,"insertSpaces":true,"cursorStyle":1,"lineNumbers":1}
https-github.com-GoogleCloudPlatform-cloud-code-vscode/cuda-binaries/boot-to-bios.ps1: Using EditorConfig core...
cuda-binaries/boot-to-bios.ps1: Target charset is not set
https-github.com-GoogleCloudPlatform-cloud-code-vscode/cuda-binaries/boot-to-bios.bat: {"tabSize":4,"indentSize":4,"insertSpaces":true,"cursorStyle":1,"lineNumbers":1}
https-github.com-GoogleCloudPlatform-cloud-code-vscode/cuda-binaries/boot-to-bios.bat: Using EditorConfig core...
cuda-binaries/boot-to-bios.bat: Target charset is not set
https-github.com-GoogleCloudPlatform-cloud-code-vscode/config.txt: {"tabSize":4,"indentSize":4,"insertSpaces":false,"cursorStyle":1,"lineNumbers":1}
https-github.com-GoogleCloudPlatform-cloud-code-vscode/config.txt: Using EditorConfig core...
config.txt: Target charset is not set
https-github.com-GoogleCloudPlatform-cloud-code-vscode/config.txt: {"tabSize":4,"indentSize":4,"insertSpaces":false,"cursorStyle":1,"lineNumbers":1}
https-github.com-GoogleCloudPlatform-cloud-code-vscode/config.txt: {"tabSize":4,"indentSize":4,"insertSpaces":false,"cursorStyle":1,"lineNumbers":1}
https-github.com-GoogleCloudPlatform-cloud-code-vscode/config.txt: {"tabSize":4,"indentSize":4,"insertSpaces":false,"cursorStyle":1,"lineNumbers":1}
https-github.com-GoogleCloudPlatform-cloud-code-vscode/config.txt: {"tabSize":4,"indentSize":4,"insertSpaces":false,"cursorStyle":1,"lineNumbers":1}
https-github.com-GoogleCloudPlatform-cloud-code-vscode/config.txt: {"tabSize":4,"indentSize":4,"insertSpaces":false,"cursorStyle":1,"lineNumbers":1}
