2026-07-21 02:33:00.501 [info] [main] Log level: Info
2026-07-21 02:33:00.502 [info] [main] Validating found git in: "git"
2026-07-21 02:33:00.502 [info] [main] Using git "2.43.0" from "git"
2026-07-21 02:33:00.502 [info] [Model][doInitialScan] Initial repository scan started
2026-07-21 02:33:00.502 [info] > git rev-parse --show-toplevel [133ms]
2026-07-21 02:33:00.502 [info] > git rev-parse --git-dir --git-common-dir --show-superproject-working-tree [6ms]
2026-07-21 02:33:00.579 [info] [Model][openRepository] Opened repository (path): /home/daypirate2/https-github.com-GoogleCloudPlatform-cloud-code-vscode
2026-07-21 02:33:00.579 [info] [Model][openRepository] Opened repository (real path): /home/daypirate2/https-github.com-GoogleCloudPlatform-cloud-code-vscode
2026-07-21 02:33:00.579 [info] [Model][openRepository] Opened repository (kind): submodule
2026-07-21 02:33:00.596 [info] > git config --get commit.template [7ms]
2026-07-21 02:33:00.597 [info] > git rev-parse --show-toplevel [5ms]
2026-07-21 02:33:00.607 [info] > git for-each-ref --format=%(refname)%00%(upstream:short)%00%(objectname)%00%(upstream:track)%00%(upstream:remotename)%00%(upstream:remoteref) refs/heads/bigtree refs/remotes/bigtree [5ms]
2026-07-21 02:33:00.609 [info] > git rev-parse --show-toplevel [2ms]
2026-07-21 02:33:00.612 [warning] [Git][revParse] Unable to read file: ENOENT: no such file or directory, open '/home/daypirate2/https-github.com-GoogleCloudPlatform-cloud-code-vscode/.git/refs/remotes/origin/bigtree'
2026-07-21 02:33:00.617 [info] > git rev-parse refs/remotes/origin/bigtree [5ms]
2026-07-21 02:33:00.638 [info] > git status -z -uall [16ms]
2026-07-21 02:33:00.638 [info] > git for-each-ref --sort -committerdate --format %(refname)%00%(objectname)%00%(*objectname) [4ms]
2026-07-21 02:33:00.685 [info] > git rev-parse --show-toplevel [69ms]
2026-07-21 02:33:00.704 [info] > git for-each-ref --format=%(refname)%00%(upstream:short)%00%(objectname)%00%(upstream:track)%00%(upstream:remotename)%00%(upstream:remoteref) refs/heads/bigtree refs/remotes/bigtree [24ms]
2026-07-21 02:33:00.715 [info] > git rev-parse --show-toplevel [12ms]
2026-07-21 02:33:00.716 [info] > git config --get commit.template [22ms]
2026-07-21 02:33:00.720 [info] > git config --get --local branch.bigtree.vscode-merge-base [8ms]
2026-07-21 02:33:00.731 [info] > git rev-parse --show-toplevel [12ms]
2026-07-21 02:33:00.731 [info] [Model][doInitialScan] Initial repository scan completed - repositories (1), closed repositories (0), parent repositories (0), unsafe repositories (0)
2026-07-21 02:33:00.732 [info] > git for-each-ref --format=%(refname)%00%(upstream:short)%00%(objectname)%00%(upstream:track)%00%(upstream:remotename)%00%(upstream:remoteref) refs/heads/bigtree refs/remotes/bigtree [4ms]
2026-07-21 02:33:00.733 [info] > git for-each-ref --format=%(refname)%00%(upstream:short)%00%(objectname)%00%(upstream:track)%00%(upstream:remotename)%00%(upstream:remoteref) refs/heads/origin/bigtree refs/remotes/origin/bigtree [8ms]
2026-07-21 02:33:00.741 [warning] [Git][revParse] Unable to read file: ENOENT: no such file or directory, open '/home/daypirate2/https-github.com-GoogleCloudPlatform-cloud-code-vscode/.git/refs/remotes/origin/bigtree'
2026-07-21 02:33:00.742 [info] > git merge-base refs/heads/bigtree refs/remotes/origin/bigtree [5ms]
2026-07-21 02:33:00.747 [info] > git rev-parse refs/remotes/origin/bigtree [6ms]
2026-07-21 02:33:00.757 [info] > git diff --raw --numstat --diff-filter=ADMR -z --find-renames=50% a44b00ca1657f3797b4b7d2c14a25a02f41db203...refs/remotes/origin/bigtree -- [11ms]
2026-07-21 02:33:00.760 [info] > git for-each-ref --sort -committerdate --format %(refname)%00%(objectname)%00%(*objectname) [4ms]
2026-07-21 02:33:00.761 [info] > git status -z -uall [10ms]
2026-07-21 02:33:00.854 [info] > git fetch [276ms]
2026-07-21 02:33:00.869 [info] > git config --get commit.template [9ms]
2026-07-21 02:33:00.870 [info] > git for-each-ref --format=%(refname)%00%(upstream:short)%00%(objectname)%00%(upstream:track)%00%(upstream:remotename)%00%(upstream:remoteref) refs/heads/bigtree refs/remotes/bigtree [2ms]
2026-07-21 02:33:00.874 [warning] [Git][revParse] Unable to read file: ENOENT: no such file or directory, open '/home/daypirate2/https-github.com-GoogleCloudPlatform-cloud-code-vscode/.git/refs/remotes/origin/bigtree'
2026-07-21 02:33:00.876 [info] > git rev-parse refs/remotes/origin/bigtree [2ms]
2026-07-21 02:33:02.298 [info] > git status -z -uall [1418ms]
2026-07-21 02:33:02.299 [info] > git for-each-ref --sort -committerdate --format %(refname)%00%(objectname)%00%(*objectname) [1414ms]
2026-07-21 02:33:02.356 [info] > git check-ignore -v -z --stdin [47ms]
2026-07-21 02:33:04.711 [info] > git log --format=%H%n%aN%n%aE%n%at%n%ct%n%P%n%D%n%B -z --shortstat --diff-merges=first-parent -n50 --skip=0 --topo-order --decorate=full --stdin [2393ms]
2026-07-21 02:33:04.727 [info] > git config --get commit.template [112ms]
2026-07-21 02:33:04.809 [info] > git for-each-ref --format=%(refname)%00%(upstream:short)%00%(objectname)%00%(upstream:track)%00%(upstream:remotename)%00%(upstream:remoteref) refs/heads/bigtree refs/remotes/bigtree [35ms]
2026-07-21 02:33:04.830 [warning] [Git][revParse] Unable to read file: ENOENT: no such file or directory, open '/home/daypirate2/https-github.com-GoogleCloudPlatform-cloud-code-vscode/.git/refs/remotes/origin/bigtree'
2026-07-21 02:33:04.839 [info] > git rev-parse refs/remotes/origin/bigtree [10ms]
2026-07-21 02:33:04.865 [info] > git status -z -uall [17ms]
2026-07-21 02:33:04.882 [info] > git for-each-ref --sort -committerdate --format %(refname)%00%(objectname)%00%(*objectname) [23ms]
2026-07-21 02:33:06.526 [info] > git merge-base bigtree origin/bigtree [8ms]
2026-07-21 02:33:13.602 [info] > git check-ignore -v -z --stdin [2ms]
2026-07-21 02:33:15.586 [info] > git check-ignore -v -z --stdin [2ms]
2026-07-21 02:33:15.661 [info] > git show --textconv :cuda-binaries/backup-cloud-storage.bat [8ms]
2026-07-21 02:33:15.662 [info] > git ls-files --stage -- cuda-binaries/backup-cloud-storage.bat [2ms]
2026-07-21 02:33:15.671 [info] > git cat-file -s b85af9dbde12be0ed0eb40d364e12f5d725dfbae [2ms]
2026-07-21 02:33:16.522 [info] > git check-ignore -v -z --stdin [2ms]
2026-07-21 02:33:16.602 [info] > git show --textconv :cuda-binaries/boot-to-bios.bat [8ms]
2026-07-21 02:33:16.603 [info] > git ls-files --stage -- cuda-binaries/boot-to-bios.bat [2ms]
2026-07-21 02:33:16.611 [info] > git cat-file -s a95522fca2e2134e85142221f8f79180a1a616b2 [2ms]
2026-07-21 02:33:18.073 [info] > git check-ignore -v -z --stdin [4ms]
2026-07-21 02:33:18.368 [info] > git show --textconv :cuda-binaries/build-pipeline.js [28ms]
2026-07-21 02:33:18.370 [info] > git ls-files --stage -- cuda-binaries/build-pipeline.js [15ms]
2026-07-21 02:33:18.394 [info] > git cat-file -s d301ead10c6a53b08d237ffad257a2121e8107d1 [3ms]
2026-07-21 02:33:19.456 [info] > git check-ignore -v -z --stdin [7ms]
2026-07-21 02:33:19.644 [info] > git show --textconv :cuda-binaries/boot-to-bios.ps1 [109ms]
2026-07-21 02:33:19.646 [info] > git ls-files --stage -- cuda-binaries/boot-to-bios.ps1 [97ms]
2026-07-21 02:33:19.662 [info] > git cat-file -s 20f064d499ac2adee63464a294318d2b0ee71e99 [6ms]
2026-07-21 02:33:20.514 [info] > git check-ignore -v -z --stdin [2ms]
2026-07-21 02:33:20.599 [info] > git show --textconv :cuda-binaries/boot-to-bios.bat [10ms]
2026-07-21 02:33:20.600 [info] > git ls-files --stage -- cuda-binaries/boot-to-bios.bat [4ms]
2026-07-21 02:33:20.609 [info] > git cat-file -s a95522fca2e2134e85142221f8f79180a1a616b2 [2ms]
2026-07-21 02:33:30.754 [info] > git check-ignore -v -z --stdin [2ms]
2026-07-21 02:33:42.888 [info] > git check-ignore -v -z --stdin [3ms]
2026-07-21 02:33:44.498 [info] > git check-ignore -v -z --stdin [2ms]
2026-07-21 02:33:44.575 [info] > git show --textconv :config.txt [8ms]
2026-07-21 02:33:44.577 [info] > git ls-files --stage -- config.txt [3ms]
2026-07-21 02:33:44.585 [info] > git cat-file -s a210d5c60c458ab598414f30235551ad64c80ff9 [2ms]
2026-07-21 02:36:02.538 [info] > git fetch [228ms]
2026-07-21 02:36:02.563 [info] > git config --get commit.template [9ms]
2026-07-21 02:36:02.563 [info] > git for-each-ref --format=%(refname)%00%(upstream:short)%00%(objectname)%00%(upstream:track)%00%(upstream:remotename)%00%(upstream:remoteref) refs/heads/bigtree refs/remotes/bigtree [3ms]
2026-07-21 02:36:02.571 [warning] [Git][revParse] Unable to read file: ENOENT: no such file or directory, open '/home/daypirate2/https-github.com-GoogleCloudPlatform-cloud-code-vscode/.git/refs/remotes/origin/bigtree'
2026-07-21 02:36:02.572 [info] > git rev-parse refs/remotes/origin/bigtree [1ms]
2026-07-21 02:36:02.589 [info] > git status -z -uall [10ms]
2026-07-21 02:36:02.591 [info] > git for-each-ref --sort -committerdate --format %(refname)%00%(objectname)%00%(*objectname) [3ms]
2026-07-21 02:36:03.730 [info] > git config --get commit.template [8ms]
2026-07-21 02:36:03.730 [info] > git for-each-ref --format=%(refname)%00%(upstream:short)%00%(objectname)%00%(upstream:track)%00%(upstream:remotename)%00%(upstream:remoteref) refs/heads/bigtree refs/remotes/bigtree [2ms]
2026-07-21 02:36:03.737 [warning] [Git][revParse] Unable to read file: ENOENT: no such file or directory, open '/home/daypirate2/https-github.com-GoogleCloudPlatform-cloud-code-vscode/.git/refs/remotes/origin/bigtree'
2026-07-21 02:36:03.739 [info] > git rev-parse refs/remotes/origin/bigtree [2ms]
2026-07-21 02:36:03.754 [info] > git status -z -uall [8ms]
2026-07-21 02:36:03.756 [info] > git for-each-ref --sort -committerdate --format %(refname)%00%(objectname)%00%(*objectname) [3ms]
2026-07-21 02:36:03.881 [info] > git ls-files --stage -- config.txt [2ms]
2026-07-21 02:36:03.891 [info] > git cat-file -s a210d5c60c458ab598414f30235551ad64c80ff9 [3ms]
2026-07-21 02:36:03.962 [info] > git show --textconv :config.txt [2ms]
2026-07-21 02:46:08.693 [info] > git fetch [226ms]
2026-07-21 02:46:08.710 [info] > git config --get commit.template [8ms]
2026-07-21 02:46:08.710 [info] > git for-each-ref --format=%(refname)%00%(upstream:short)%00%(objectname)%00%(upstream:track)%00%(upstream:remotename)%00%(upstream:remoteref) refs/heads/bigtree refs/remotes/bigtree [2ms]
2026-07-21 02:46:08.718 [warning] [Git][revParse] Unable to read file: ENOENT: no such file or directory, open '/home/daypirate2/https-github.com-GoogleCloudPlatform-cloud-code-vscode/.git/refs/remotes/origin/bigtree'
2026-07-21 02:46:08.719 [info] > git rev-parse refs/remotes/origin/bigtree [2ms]
2026-07-21 02:46:08.736 [info] > git for-each-ref --sort -committerdate --format %(refname)%00%(objectname)%00%(*objectname) [3ms]
2026-07-21 02:46:08.737 [info] > git status -z -uall [11ms]
2026-07-21 02:46:09.902 [info] > git config --get commit.template [9ms]
2026-07-21 02:46:09.903 [info] > git for-each-ref --format=%(refname)%00%(upstream:short)%00%(objectname)%00%(upstream:track)%00%(upstream:remotename)%00%(upstream:remoteref) refs/heads/bigtree refs/remotes/bigtree [2ms]
2026-07-21 02:46:09.910 [warning] [Git][revParse] Unable to read file: ENOENT: no such file or directory, open '/home/daypirate2/https-github.com-GoogleCloudPlatform-cloud-code-vscode/.git/refs/remotes/origin/bigtree'
2026-07-21 02:46:09.911 [info] > git rev-parse refs/remotes/origin/bigtree [1ms]
2026-07-21 02:46:09.927 [info] > git status -z -uall [8ms]
2026-07-21 02:46:09.928 [info] > git for-each-ref --sort -committerdate --format %(refname)%00%(objectname)%00%(*objectname) [3ms]
2026-07-21 02:46:10.057 [info] > git ls-files --stage -- config.txt [2ms]
2026-07-21 02:46:10.066 [info] > git cat-file -s a210d5c60c458ab598414f30235551ad64c80ff9 [2ms]
2026-07-21 02:46:10.158 [info] > git show --textconv :config.txt [3ms]
2026-07-21 02:46:12.002 [info] > git log --format=%H%n%aN%n%aE%n%at%n%ct%n%P%n%D%n%B -z --shortstat --diff-merges=first-parent -n50 --skip=0 --topo-order --decorate=full --stdin [230ms]
2026-07-21 02:46:12.173 [info] > git merge-base bigtree origin/bigtree [2ms]
2026-07-21 03:21:15.062 [info] > git blame --root --incremental a44b00ca1657f3797b4b7d2c14a25a02f41db203 -- config.txt [7ms]
2026-07-21 03:21:15.242 [info] > git fetch [233ms]
2026-07-21 03:21:15.262 [info] > git config --get commit.template [10ms]
2026-07-21 03:21:15.263 [info] > git for-each-ref --format=%(refname)%00%(upstream:short)%00%(objectname)%00%(upstream:track)%00%(upstream:remotename)%00%(upstream:remoteref) refs/heads/bigtree refs/remotes/bigtree [3ms]
2026-07-21 03:21:15.271 [warning] [Git][revParse] Unable to read file: ENOENT: no such file or directory, open '/home/daypirate2/https-github.com-GoogleCloudPlatform-cloud-code-vscode/.git/refs/remotes/origin/bigtree'
2026-07-21 03:21:15.273 [info] > git rev-parse refs/remotes/origin/bigtree [2ms]
2026-07-21 03:21:15.290 [info] > git status -z -uall [9ms]
2026-07-21 03:21:15.292 [info] > git for-each-ref --sort -committerdate --format %(refname)%00%(objectname)%00%(*objectname) [3ms]
2026-07-21 03:21:16.446 [info] > git config --get commit.template [8ms]
2026-07-21 03:21:16.447 [info] > git for-each-ref --format=%(refname)%00%(upstream:short)%00%(objectname)%00%(upstream:track)%00%(upstream:remotename)%00%(upstream:remoteref) refs/heads/bigtree refs/remotes/bigtree [2ms]
2026-07-21 03:21:16.454 [warning] [Git][revParse] Unable to read file: ENOENT: no such file or directory, open '/home/daypirate2/https-github.com-GoogleCloudPlatform-cloud-code-vscode/.git/refs/remotes/origin/bigtree'
2026-07-21 03:21:16.456 [info] > git rev-parse refs/remotes/origin/bigtree [1ms]
2026-07-21 03:21:16.470 [info] > git status -z -uall [8ms]
2026-07-21 03:21:16.475 [info] > git for-each-ref --sort -committerdate --format %(refname)%00%(objectname)%00%(*objectname) [6ms]
2026-07-21 03:21:16.600 [info] > git ls-files --stage -- config.txt [2ms]
2026-07-21 03:21:16.609 [info] > git cat-file -s a210d5c60c458ab598414f30235551ad64c80ff9 [1ms]
2026-07-21 03:21:16.675 [info] > git show --textconv :config.txt [3ms]
